=== Debug: Current directory ===
/Users/builder/clone
=== Debug: Listing files ===
total 1776
drwxr-xr-x  10 builder  staff     320 Jul 23 16:19 .
drwxr-x---+ 52 builder  staff    1664 Jul 23 16:17 ..
drwxr-xr-x  13 builder  staff     416 Jul 23 16:17 .git
drwxr-xr-x   3 builder  staff      96 Jul 23 16:17 .mimocode
drwxr-xr-x   5 builder  staff     160 Jul 23 16:19 PrivateBrowser.xcodeproj
-rw-r--r--   1 builder  staff    7133 Jul 23 16:17 README.md
drwxr-xr-x   3 builder  staff      96 Jul 23 16:17 Sources
-rw-r--r--   1 builder  staff  890298 Jul 23 16:17 browser-antiview-final.zip
-rw-r--r--   1 builder  staff    2590 Jul 23 16:17 codemagic.yaml
-rw-r--r--   1 builder  staff    1032 Jul 23 16:17 project.yml
=== Debug: Looking for xcodeproj ===
Found project: ./PrivateBrowser.xcodeproj
=== Debug: Available schemes ===
Command line invocation:
    /Applications/Xcode-16.0.app/Contents/Developer/usr/bin/xcodebuild -project ./PrivateBrowser.xcodeproj -list

User defaults from command line:
    IDEPackageSupportUseBuiltinSCM = YES

Information about project "PrivateBrowser":
    Targets:
        PrivateBrowser

    Build Configurations:
        Debug
        Release

    If no build configuration is specified and -scheme is not passed then "Debug" is used.

    Schemes:
        PrivateBrowser

Command line invocation:
    /Applications/Xcode-16.0.app/Contents/Developer/usr/bin/xcodebuild -project ./PrivateBrowser.xcodeproj -scheme PrivateBrowser -sdk iphoneos -configuration Release -archivePath /Users/builder/clone/PrivateBrowser.xcarchive archive CODE_SIGN_IDENTITY= CODE_SIGNING_REQUIRED=NO CODE_SIGNING_ALLOWED=NO CODE_SIGN_STYLE=Manual PROVISIONING_PROFILE= CODE_SIGN_ENTITLEMENTS= DEVELOPMENT_TEAM= PRODUCT_BUNDLE_IDENTIFIER=com.privatebrowser.app COMPILER_INDEX_STORE_ENABLE=NO

User defaults from command line:
    IDEArchivePathOverride = /Users/builder/clone/PrivateBrowser.xcarchive
    IDEPackageSupportUseBuiltinSCM = YES

Build settings from command line:
    CODE_SIGN_ENTITLEMENTS = 
    CODE_SIGN_IDENTITY = 
    CODE_SIGN_STYLE = Manual
    CODE_SIGNING_ALLOWED = NO
    CODE_SIGNING_REQUIRED = NO
    COMPILER_INDEX_STORE_ENABLE = NO
    DEVELOPMENT_TEAM = 
    PRODUCT_BUNDLE_IDENTIFIER = com.privatebrowser.app
    PROVISIONING_PROFILE = 
    SDKROOT = iphoneos18.0

--- xcodebuild: WARNING: Using the first of multiple matching destinations:
{ platform:iOS, id:dvtdevice-DVTiPhonePlaceholder-iphoneos:placeholder, name:Any iOS Device }
{ platform:macOS, arch:arm64, variant:Designed for [iPad,iPhone], id:0000FE00-343A79319AA17942, name:My Mac }
{ platform:iOS Simulator, id:dvtdevice-DVTiOSDeviceSimulatorPlaceholder-iphonesimulator:placeholder, name:Any iOS Simulator Device }
{ platform:visionOS Simulator, variant:Designed for [iPad,iPhone], id:D6A8ED80-3EF3-4C36-B8D5-4848074BB0FF, OS:2.0, name:Apple Vision Pro }
{ platform:iOS Simulator, id:AB04AFF7-5E7E-44D8-B566-B79729E0EFFA, OS:18.0, name:iPad (10th generation) }
{ platform:iOS Simulator, id:AB04AFF7-5E7E-44D8-B566-B79729E0EFFA, OS:18.0, name:iPad (10th generation) }
{ platform:iOS Simulator, id:B4D945F4-7E1F-4ACF-B21D-5454F60AA352, OS:18.0, name:iPad Air 11-inch (M2) }
{ platform:iOS Simulator, id:B4D945F4-7E1F-4ACF-B21D-5454F60AA352, OS:18.0, name:iPad Air 11-inch (M2) }
{ platform:iOS Simulator, id:C3AC21DD-18FD-4943-B467-E14098AD2795, OS:18.0, name:iPad Air 13-inch (M2) }
{ platform:iOS Simulator, id:C3AC21DD-18FD-4943-B467-E14098AD2795, OS:18.0, name:iPad Air 13-inch (M2) }
{ platform:iOS Simulator, id:D1C25269-0FB8-4BDC-B0D4-90ABA4042063, OS:18.0, name:iPad Pro 11-inch (M4) }
{ platform:iOS Simulator, id:D1C25269-0FB8-4BDC-B0D4-90ABA4042063, OS:18.0, name:iPad Pro 11-inch (M4) }
{ platform:iOS Simulator, id:B39603E6-896F-40AB-9D52-E4C492091BAA, OS:18.0, name:iPad Pro 13-inch (M4) }
{ platform:iOS Simulator, id:B39603E6-896F-40AB-9D52-E4C492091BAA, OS:18.0, name:iPad Pro 13-inch (M4) }
{ platform:iOS Simulator, id:97A1D107-CD6E-40AA-AE6D-47401405E7A9, OS:18.0, name:iPad mini (6th generation) }
{ platform:iOS Simulator, id:97A1D107-CD6E-40AA-AE6D-47401405E7A9, OS:18.0, name:iPad mini (6th generation) }
{ platform:iOS Simulator, id:4E0EF542-95E5-418B-8212-F326CCFBA4C2, OS:18.0, name:iPhone 15 }
{ platform:iOS Simulator, id:4E0EF542-95E5-418B-8212-F326CCFBA4C2, OS:18.0, name:iPhone 15 }
{ platform:iOS Simulator, id:0211E144-8130-4D7C-8E6D-9C6D077D0E00, OS:18.0, name:iPhone 15 Plus }
{ platform:iOS Simulator, id:0211E144-8130-4D7C-8E6D-9C6D077D0E00, OS:18.0, name:iPhone 15 Plus }
{ platform:iOS Simulator, id:BCDFC4A9-53AC-437D-9FDC-59E1D6E81CAC, OS:18.0, name:iPhone 15 Pro }
{ platform:iOS Simulator, id:BCDFC4A9-53AC-437D-9FDC-59E1D6E81CAC, OS:18.0, name:iPhone 15 Pro }
{ platform:iOS Simulator, id:E79EC3CD-129C-48C3-9317-A73C4E6E1753, OS:18.0, name:iPhone 15 Pro Max }
{ platform:iOS Simulator, id:E79EC3CD-129C-48C3-9317-A73C4E6E1753, OS:18.0, name:iPhone 15 Pro Max }
{ platform:iOS Simulator, id:BAFCA3AA-EB44-4A49-B3E6-18B8B06DACD3, OS:18.0, name:iPhone 16 }
{ platform:iOS Simulator, id:BAFCA3AA-EB44-4A49-B3E6-18B8B06DACD3, OS:18.0, name:iPhone 16 }
{ platform:iOS Simulator, id:61A95C6A-42B1-4780-AA57-6D41994B0A55, OS:18.0, name:iPhone 16 Plus }
{ platform:iOS Simulator, id:61A95C6A-42B1-4780-AA57-6D41994B0A55, OS:18.0, name:iPhone 16 Plus }
{ platform:iOS Simulator, id:5E3DE7E5-617A-407C-8E6E-EB0A9D5A88D1, OS:18.0, name:iPhone 16 Pro }
{ platform:iOS Simulator, id:5E3DE7E5-617A-407C-8E6E-EB0A9D5A88D1, OS:18.0, name:iPhone 16 Pro }
{ platform:iOS Simulator, id:BDEA58E7-AF91-4D26-BE62-A5D322A16905, OS:18.0, name:iPhone 16 Pro Max }
{ platform:iOS Simulator, id:BDEA58E7-AF91-4D26-BE62-A5D322A16905, OS:18.0, name:iPhone 16 Pro Max }
{ platform:iOS Simulator, id:77DE4C67-89E6-4C86-ABB8-BB387D8ABB69, OS:18.0, name:iPhone SE (3rd generation) }
{ platform:iOS Simulator, id:77DE4C67-89E6-4C86-ABB8-BB387D8ABB69, OS:18.0, name:iPhone SE (3rd generation) }
Prepare packages

note: Using codesigning identity override: 
ComputeTargetDependencyGraph
note: Building targets in dependency order
note: Target dependency graph (1 target)
    Target 'PrivateBrowser' in project 'PrivateBrowser' (no dependencies)

GatherProvisioningInputs

CreateBuildDescription

ExecuteExternalTool /Applications/Xcode-16.0.app/Contents/Developer/usr/bin/actool --print-asset-tag-combinations --output-format xml1 /Users/builder/clone/Sources/PrivateBrowser/Assets.xcassets

ExecuteExternalTool /Applications/Xcode-16.0.app/Contents/Developer/Toolchains/XcodeDefault.xctoolchain/usr/bin/clang -v -E -dM -isysroot /Applications/Xcode-16.0.app/Contents/Developer/Platforms/iPhoneOS.platform/Developer/SDKs/iPhoneOS18.0.sdk -x c -c /dev/null

ExecuteExternalTool /Applications/Xcode-16.0.app/Contents/Developer/usr/bin/actool --version --output-format xml1

ExecuteExternalTool /Applications/Xcode-16.0.app/Contents/Developer/Toolchains/XcodeDefault.xctoolchain/usr/bin/swiftc --version

ExecuteExternalTool /Applications/Xcode-16.0.app/Contents/Developer/Toolchains/XcodeDefault.xctoolchain/usr/bin/ld -version_details

Build description signature: a366189900b19c7f9eecc9fb2c4c9977
Build description path: /Users/builder/Library/Developer/Xcode/DerivedData/PrivateBrowser-byjdimrmypcybfboqcgjnjbzupgy/Build/Intermediates.noindex/ArchiveIntermediates/PrivateBrowser/IntermediateBuildFilesPath/XCBuildData/a366189900b19c7f9eecc9fb2c4c9977.xcbuilddata
CreateBuildDirectory /Users/builder/Library/Developer/Xcode/DerivedData/PrivateBrowser-byjdimrmypcybfboqcgjnjbzupgy/Build/Intermediates.noindex/ArchiveIntermediates/PrivateBrowser/InstallationBuildProductsLocation
    cd /Users/builder/clone/PrivateBrowser.xcodeproj
    builtin-create-build-directory /Users/builder/Library/Developer/Xcode/DerivedData/PrivateBrowser-byjdimrmypcybfboqcgjnjbzupgy/Build/Intermediates.noindex/ArchiveIntermediates/PrivateBrowser/InstallationBuildProductsLocation

ClangStatCache /Applications/Xcode-16.0.app/Contents/Developer/Toolchains/XcodeDefault.xctoolchain/usr/bin/clang-stat-cache /Applications/Xcode-16.0.app/Contents/Developer/Platforms/iPhoneOS.platform/Developer/SDKs/iPhoneOS18.0.sdk /Users/builder/Library/Developer/Xcode/DerivedData/SDKStatCaches.noindex/iphoneos18.0-22A3362-77c87d3582361da8819bf4750a9bd04a.sdkstatcache
    cd /Users/builder/clone/PrivateBrowser.xcodeproj
    /Applications/Xcode-16.0.app/Contents/Developer/Toolchains/XcodeDefault.xctoolchain/usr/bin/clang-stat-cache /Applications/Xcode-16.0.app/Contents/Developer/Platforms/iPhoneOS.platform/Developer/SDKs/iPhoneOS18.0.sdk -o /Users/builder/Library/Developer/Xcode/DerivedData/SDKStatCaches.noindex/iphoneos18.0-22A3362-77c87d3582361da8819bf4750a9bd04a.sdkstatcache

CreateBuildDirectory /Users/builder/Library/Developer/Xcode/DerivedData/PrivateBrowser-byjdimrmypcybfboqcgjnjbzupgy/Build/Intermediates.noindex/ArchiveIntermediates/PrivateBrowser/IntermediateBuildFilesPath
    cd /Users/builder/clone/PrivateBrowser.xcodeproj
    builtin-create-build-directory /Users/builder/Library/Developer/Xcode/DerivedData/PrivateBrowser-byjdimrmypcybfboqcgjnjbzupgy/Build/Intermediates.noindex/ArchiveIntermediates/PrivateBrowser/IntermediateBuildFilesPath

CreateBuildDirectory /Users/builder/Library/Developer/Xcode/DerivedData/PrivateBrowser-byjdimrmypcybfboqcgjnjbzupgy/Build/Intermediates.noindex/ArchiveIntermediates/PrivateBrowser/BuildProductsPath
    cd /Users/builder/clone/PrivateBrowser.xcodeproj
    builtin-create-build-directory /Users/builder/Library/Developer/Xcode/DerivedData/PrivateBrowser-byjdimrmypcybfboqcgjnjbzupgy/Build/Intermediates.noindex/ArchiveIntermediates/PrivateBrowser/BuildProductsPath

CreateBuildDirectory /Users/builder/Library/Developer/Xcode/DerivedData/PrivateBrowser-byjdimrmypcybfboqcgjnjbzupgy/Build/Intermediates.noindex/ArchiveIntermediates/PrivateBrowser/BuildProductsPath/Release-iphoneos
    cd /Users/builder/clone/PrivateBrowser.xcodeproj
    builtin-create-build-directory /Users/builder/Library/Developer/Xcode/DerivedData/PrivateBrowser-byjdimrmypcybfboqcgjnjbzupgy/Build/Intermediates.noindex/ArchiveIntermediates/PrivateBrowser/BuildProductsPath/Release-iphoneos

CreateBuildDirectory /Users/builder/Library/Developer/Xcode/DerivedData/PrivateBrowser-byjdimrmypcybfboqcgjnjbzupgy/Build/Intermediates.noindex/ArchiveIntermediates/PrivateBrowser/IntermediateBuildFilesPath/EagerLinkingTBDs/Release-iphoneos
    cd /Users/builder/clone/PrivateBrowser.xcodeproj
    builtin-create-build-directory /Users/builder/Library/Developer/Xcode/DerivedData/PrivateBrowser-byjdimrmypcybfboqcgjnjbzupgy/Build/Intermediates.noindex/ArchiveIntermediates/PrivateBrowser/IntermediateBuildFilesPath/EagerLinkingTBDs/Release-iphoneos

WriteAuxiliaryFile /Users/builder/Library/Developer/Xcode/DerivedData/PrivateBrowser-byjdimrmypcybfboqcgjnjbzupgy/Build/Intermediates.noindex/ArchiveIntermediates/PrivateBrowser/IntermediateBuildFilesPath/PrivateBrowser.build/Release-iphoneos/PrivateBrowser-c0622baac84810e342071f748dbf60ea-VFS-iphoneos/all-product-headers.yaml
    cd /Users/builder/clone/PrivateBrowser.xcodeproj
    write-file /Users/builder/Library/Developer/Xcode/DerivedData/PrivateBrowser-byjdimrmypcybfboqcgjnjbzupgy/Build/Intermediates.noindex/ArchiveIntermediates/PrivateBrowser/IntermediateBuildFilesPath/PrivateBrowser.build/Release-iphoneos/PrivateBrowser-c0622baac84810e342071f748dbf60ea-VFS-iphoneos/all-product-headers.yaml

WriteAuxiliaryFile /Users/builder/Library/Developer/Xcode/DerivedData/PrivateBrowser-byjdimrmypcybfboqcgjnjbzupgy/Build/Intermediates.noindex/ArchiveIntermediates/PrivateBrowser/IntermediateBuildFilesPath/PrivateBrowser.build/Release-iphoneos/PrivateBrowser.build/PrivateBrowser.hmap (in target 'PrivateBrowser' from project 'PrivateBrowser')
    cd /Users/builder/clone
    write-file /Users/builder/Library/Developer/Xcode/DerivedData/PrivateBrowser-byjdimrmypcybfboqcgjnjbzupgy/Build/Intermediates.noindex/ArchiveIntermediates/PrivateBrowser/IntermediateBuildFilesPath/PrivateBrowser.build/Release-iphoneos/PrivateBrowser.build/PrivateBrowser.hmap

WriteAuxiliaryFile /Users/builder/Library/Developer/Xcode/DerivedData/PrivateBrowser-byjdimrmypcybfboqcgjnjbzupgy/Build/Intermediates.noindex/ArchiveIntermediates/PrivateBrowser/IntermediateBuildFilesPath/PrivateBrowser.build/Release-iphoneos/PrivateBrowser.build/PrivateBrowser.DependencyMetadataFileList (in target 'PrivateBrowser' from project 'PrivateBrowser')
    cd /Users/builder/clone
    write-file /Users/builder/Library/Developer/Xcode/DerivedData/PrivateBrowser-byjdimrmypcybfboqcgjnjbzupgy/Build/Intermediates.noindex/ArchiveIntermediates/PrivateBrowser/IntermediateBuildFilesPath/PrivateBrowser.build/Release-iphoneos/PrivateBrowser.build/PrivateBrowser.DependencyMetadataFileList

WriteAuxiliaryFile /Users/builder/Library/Developer/Xcode/DerivedData/PrivateBrowser-byjdimrmypcybfboqcgjnjbzupgy/Build/Intermediates.noindex/ArchiveIntermediates/PrivateBrowser/IntermediateBuildFilesPath/PrivateBrowser.build/Release-iphoneos/PrivateBrowser.build/PrivateBrowser-project-headers.hmap (in target 'PrivateBrowser' from project 'PrivateBrowser')
    cd /Users/builder/clone
    write-file /Users/builder/Library/Developer/Xcode/DerivedData/PrivateBrowser-byjdimrmypcybfboqcgjnjbzupgy/Build/Intermediates.noindex/ArchiveIntermediates/PrivateBrowser/IntermediateBuildFilesPath/PrivateBrowser.build/Release-iphoneos/PrivateBrowser.build/PrivateBrowser-project-headers.hmap

WriteAuxiliaryFile /Users/builder/Library/Developer/Xcode/DerivedData/PrivateBrowser-byjdimrmypcybfboqcgjnjbzupgy/Build/Intermediates.noindex/ArchiveIntermediates/PrivateBrowser/IntermediateBuildFilesPath/PrivateBrowser.build/Release-iphoneos/PrivateBrowser.build/PrivateBrowser-own-target-headers.hmap (in target 'PrivateBrowser' from project 'PrivateBrowser')
    cd /Users/builder/clone
    write-file /Users/builder/Library/Developer/Xcode/DerivedData/PrivateBrowser-byjdimrmypcybfboqcgjnjbzupgy/Build/Intermediates.noindex/ArchiveIntermediates/PrivateBrowser/IntermediateBuildFilesPath/PrivateBrowser.build/Release-iphoneos/PrivateBrowser.build/PrivateBrowser-own-target-headers.hmap

WriteAuxiliaryFile /Users/builder/Library/Developer/Xcode/DerivedData/PrivateBrowser-byjdimrmypcybfboqcgjnjbzupgy/Build/Intermediates.noindex/ArchiveIntermediates/PrivateBrowser/IntermediateBuildFilesPath/PrivateBrowser.build/Release-iphoneos/PrivateBrowser.build/PrivateBrowser-generated-files.hmap (in target 'PrivateBrowser' from project 'PrivateBrowser')
    cd /Users/builder/clone
    write-file /Users/builder/Library/Developer/Xcode/DerivedData/PrivateBrowser-byjdimrmypcybfboqcgjnjbzupgy/Build/Intermediates.noindex/ArchiveIntermediates/PrivateBrowser/IntermediateBuildFilesPath/PrivateBrowser.build/Release-iphoneos/PrivateBrowser.build/PrivateBrowser-generated-files.hmap

WriteAuxiliaryFile /Users/builder/Library/Developer/Xcode/DerivedData/PrivateBrowser-byjdimrmypcybfboqcgjnjbzupgy/Build/Intermediates.noindex/ArchiveIntermediates/PrivateBrowser/IntermediateBuildFilesPath/PrivateBrowser.build/Release-iphoneos/PrivateBrowser.build/PrivateBrowser-all-target-headers.hmap (in target 'PrivateBrowser' from project 'PrivateBrowser')
    cd /Users/builder/clone
    write-file /Users/builder/Library/Developer/Xcode/DerivedData/PrivateBrowser-byjdimrmypcybfboqcgjnjbzupgy/Build/Intermediates.noindex/ArchiveIntermediates/PrivateBrowser/IntermediateBuildFilesPath/PrivateBrowser.build/Release-iphoneos/PrivateBrowser.build/PrivateBrowser-all-target-headers.hmap

WriteAuxiliaryFile /Users/builder/Library/Developer/Xcode/DerivedData/PrivateBrowser-byjdimrmypcybfboqcgjnjbzupgy/Build/Intermediates.noindex/ArchiveIntermediates/PrivateBrowser/IntermediateBuildFilesPath/PrivateBrowser.build/Release-iphoneos/PrivateBrowser.build/PrivateBrowser-all-non-framework-target-headers.hmap (in target 'PrivateBrowser' from project 'PrivateBrowser')
    cd /Users/builder/clone
    write-file /Users/builder/Library/Developer/Xcode/DerivedData/PrivateBrowser-byjdimrmypcybfboqcgjnjbzupgy/Build/Intermediates.noindex/ArchiveIntermediates/PrivateBrowser/IntermediateBuildFilesPath/PrivateBrowser.build/Release-iphoneos/PrivateBrowser.build/PrivateBrowser-all-non-framework-target-headers.hmap

WriteAuxiliaryFile /Users/builder/Library/Developer/Xcode/DerivedData/PrivateBrowser-byjdimrmypcybfboqcgjnjbzupgy/Build/Intermediates.noindex/ArchiveIntermediates/PrivateBrowser/IntermediateBuildFilesPath/PrivateBrowser.build/Release-iphoneos/PrivateBrowser.build/Objects-normal/arm64/PrivateBrowser.SwiftConstValuesFileList (in target 'PrivateBrowser' from project 'PrivateBrowser')
    cd /Users/builder/clone
    write-file /Users/builder/Library/Developer/Xcode/DerivedData/PrivateBrowser-byjdimrmypcybfboqcgjnjbzupgy/Build/Intermediates.noindex/ArchiveIntermediates/PrivateBrowser/IntermediateBuildFilesPath/PrivateBrowser.build/Release-iphoneos/PrivateBrowser.build/Objects-normal/arm64/PrivateBrowser.SwiftConstValuesFileList

WriteAuxiliaryFile /Users/builder/Library/Developer/Xcode/DerivedData/PrivateBrowser-byjdimrmypcybfboqcgjnjbzupgy/Build/Intermediates.noindex/ArchiveIntermediates/PrivateBrowser/IntermediateBuildFilesPath/PrivateBrowser.build/Release-iphoneos/PrivateBrowser.build/Objects-normal/arm64/PrivateBrowser.SwiftFileList (in target 'PrivateBrowser' from project 'PrivateBrowser')
    cd /Users/builder/clone
    write-file /Users/builder/Library/Developer/Xcode/DerivedData/PrivateBrowser-byjdimrmypcybfboqcgjnjbzupgy/Build/Intermediates.noindex/ArchiveIntermediates/PrivateBrowser/IntermediateBuildFilesPath/PrivateBrowser.build/Release-iphoneos/PrivateBrowser.build/Objects-normal/arm64/PrivateBrowser.SwiftFileList

WriteAuxiliaryFile /Users/builder/Library/Developer/Xcode/DerivedData/PrivateBrowser-byjdimrmypcybfboqcgjnjbzupgy/Build/Intermediates.noindex/ArchiveIntermediates/PrivateBrowser/IntermediateBuildFilesPath/PrivateBrowser.build/Release-iphoneos/PrivateBrowser.build/Objects-normal/arm64/PrivateBrowser_const_extract_protocols.json (in target 'PrivateBrowser' from project 'PrivateBrowser')
    cd /Users/builder/clone
    write-file /Users/builder/Library/Developer/Xcode/DerivedData/PrivateBrowser-byjdimrmypcybfboqcgjnjbzupgy/Build/Intermediates.noindex/ArchiveIntermediates/PrivateBrowser/IntermediateBuildFilesPath/PrivateBrowser.build/Release-iphoneos/PrivateBrowser.build/Objects-normal/arm64/PrivateBrowser_const_extract_protocols.json

WriteAuxiliaryFile /Users/builder/Library/Developer/Xcode/DerivedData/PrivateBrowser-byjdimrmypcybfboqcgjnjbzupgy/Build/Intermediates.noindex/ArchiveIntermediates/PrivateBrowser/IntermediateBuildFilesPath/PrivateBrowser.build/Release-iphoneos/PrivateBrowser.build/Objects-normal/arm64/PrivateBrowser.LinkFileList (in target 'PrivateBrowser' from project 'PrivateBrowser')
    cd /Users/builder/clone
    write-file /Users/builder/Library/Developer/Xcode/DerivedData/PrivateBrowser-byjdimrmypcybfboqcgjnjbzupgy/Build/Intermediates.noindex/ArchiveIntermediates/PrivateBrowser/IntermediateBuildFilesPath/PrivateBrowser.build/Release-iphoneos/PrivateBrowser.build/Objects-normal/arm64/PrivateBrowser.LinkFileList

WriteAuxiliaryFile /Users/builder/Library/Developer/Xcode/DerivedData/PrivateBrowser-byjdimrmypcybfboqcgjnjbzupgy/Build/Intermediates.noindex/ArchiveIntermediates/PrivateBrowser/IntermediateBuildFilesPath/PrivateBrowser.build/Release-iphoneos/PrivateBrowser.build/Objects-normal/arm64/PrivateBrowser-OutputFileMap.json (in target 'PrivateBrowser' from project 'PrivateBrowser')
    cd /Users/builder/clone
    write-file /Users/builder/Library/Developer/Xcode/DerivedData/PrivateBrowser-byjdimrmypcybfboqcgjnjbzupgy/Build/Intermediates.noindex/ArchiveIntermediates/PrivateBrowser/IntermediateBuildFilesPath/PrivateBrowser.build/Release-iphoneos/PrivateBrowser.build/Objects-normal/arm64/PrivateBrowser-OutputFileMap.json

SymLink /Users/builder/Library/Developer/Xcode/DerivedData/PrivateBrowser-byjdimrmypcybfboqcgjnjbzupgy/Build/Intermediates.noindex/ArchiveIntermediates/PrivateBrowser/BuildProductsPath/Release-iphoneos/PrivateBrowser.app ../../InstallationBuildProductsLocation/Applications/PrivateBrowser.app (in target 'PrivateBrowser' from project 'PrivateBrowser')
    cd /Users/builder/clone
    /bin/ln -sfh ../../InstallationBuildProductsLocation/Applications/PrivateBrowser.app /Users/builder/Library/Developer/Xcode/DerivedData/PrivateBrowser-byjdimrmypcybfboqcgjnjbzupgy/Build/Intermediates.noindex/ArchiveIntermediates/PrivateBrowser/BuildProductsPath/Release-iphoneos/PrivateBrowser.app

MkDir /Users/builder/Library/Developer/Xcode/DerivedData/PrivateBrowser-byjdimrmypcybfboqcgjnjbzupgy/Build/Intermediates.noindex/ArchiveIntermediates/PrivateBrowser/InstallationBuildProductsLocation/Applications/PrivateBrowser.app (in target 'PrivateBrowser' from project 'PrivateBrowser')
    cd /Users/builder/clone
    /bin/mkdir -p /Users/builder/Library/Developer/Xcode/DerivedData/PrivateBrowser-byjdimrmypcybfboqcgjnjbzupgy/Build/Intermediates.noindex/ArchiveIntermediates/PrivateBrowser/InstallationBuildProductsLocation/Applications/PrivateBrowser.app

GenerateAssetSymbols /Users/builder/clone/Sources/PrivateBrowser/Assets.xcassets (in target 'PrivateBrowser' from project 'PrivateBrowser')
    cd /Users/builder/clone
    /Applications/Xcode-16.0.app/Contents/Developer/usr/bin/actool --output-format human-readable-text --notices --warnings --export-dependency-info /Users/builder/Library/Developer/Xcode/DerivedData/PrivateBrowser-byjdimrmypcybfboqcgjnjbzupgy/Build/Intermediates.noindex/ArchiveIntermediates/PrivateBrowser/IntermediateBuildFilesPath/PrivateBrowser.build/Release-iphoneos/PrivateBrowser.build/assetcatalog_dependencies --output-partial-info-plist /Users/builder/Library/Developer/Xcode/DerivedData/PrivateBrowser-byjdimrmypcybfboqcgjnjbzupgy/Build/Intermediates.noindex/ArchiveIntermediates/PrivateBrowser/IntermediateBuildFilesPath/PrivateBrowser.build/Release-iphoneos/PrivateBrowser.build/assetcatalog_generated_info.plist --app-icon AppIcon --compress-pngs --enable-on-demand-resources YES --development-region en --target-device iphone --target-device ipad --minimum-deployment-target 16.0 --platform iphoneos --compile /Users/builder/Library/Developer/Xcode/DerivedData/PrivateBrowser-byjdimrmypcybfboqcgjnjbzupgy/Build/Intermediates.noindex/ArchiveIntermediates/PrivateBrowser/InstallationBuildProductsLocation/Applications/PrivateBrowser.app /Users/builder/clone/Sources/PrivateBrowser/Assets.xcassets --bundle-identifier com.privatebrowser.app --generate-swift-asset-symbol-extensions NO --generate-swift-asset-symbols /Users/builder/Library/Developer/Xcode/DerivedData/PrivateBrowser-byjdimrmypcybfboqcgjnjbzupgy/Build/Intermediates.noindex/ArchiveIntermediates/PrivateBrowser/IntermediateBuildFilesPath/PrivateBrowser.build/Release-iphoneos/PrivateBrowser.build/DerivedSources/GeneratedAssetSymbols.swift --generate-objc-asset-symbols /Users/builder/Library/Developer/Xcode/DerivedData/PrivateBrowser-byjdimrmypcybfboqcgjnjbzupgy/Build/Intermediates.noindex/ArchiveIntermediates/PrivateBrowser/IntermediateBuildFilesPath/PrivateBrowser.build/Release-iphoneos/PrivateBrowser.build/DerivedSources/GeneratedAssetSymbols.h --generate-asset-symbol-index /Users/builder/Library/Developer/Xcode/DerivedData/PrivateBrowser-byjdimrmypcybfboqcgjnjbzupgy/Build/Intermediates.noindex/ArchiveIntermediates/PrivateBrowser/IntermediateBuildFilesPath/PrivateBrowser.build/Release-iphoneos/PrivateBrowser.build/DerivedSources/GeneratedAssetSymbols-Index.plist
/* com.apple.actool.compilation-results */
/Users/builder/Library/Developer/Xcode/DerivedData/PrivateBrowser-byjdimrmypcybfboqcgjnjbzupgy/Build/Intermediates.noindex/ArchiveIntermediates/PrivateBrowser/IntermediateBuildFilesPath/PrivateBrowser.build/Release-iphoneos/PrivateBrowser.build/DerivedSources/GeneratedAssetSymbols-Index.plist
/Users/builder/Library/Developer/Xcode/DerivedData/PrivateBrowser-byjdimrmypcybfboqcgjnjbzupgy/Build/Intermediates.noindex/ArchiveIntermediates/PrivateBrowser/IntermediateBuildFilesPath/PrivateBrowser.build/Release-iphoneos/PrivateBrowser.build/DerivedSources/GeneratedAssetSymbols.h
/Users/builder/Library/Developer/Xcode/DerivedData/PrivateBrowser-byjdimrmypcybfboqcgjnjbzupgy/Build/Intermediates.noindex/ArchiveIntermediates/PrivateBrowser/IntermediateBuildFilesPath/PrivateBrowser.build/Release-iphoneos/PrivateBrowser.build/DerivedSources/GeneratedAssetSymbols.swift


CompileAssetCatalog /Users/builder/Library/Developer/Xcode/DerivedData/PrivateBrowser-byjdimrmypcybfboqcgjnjbzupgy/Build/Intermediates.noindex/ArchiveIntermediates/PrivateBrowser/InstallationBuildProductsLocation/Applications/PrivateBrowser.app /Users/builder/clone/Sources/PrivateBrowser/Assets.xcassets (in target 'PrivateBrowser' from project 'PrivateBrowser')
    cd /Users/builder/clone
    /Applications/Xcode-16.0.app/Contents/Developer/usr/bin/actool --output-format human-readable-text --notices --warnings --export-dependency-info /Users/builder/Library/Developer/Xcode/DerivedData/PrivateBrowser-byjdimrmypcybfboqcgjnjbzupgy/Build/Intermediates.noindex/ArchiveIntermediates/PrivateBrowser/IntermediateBuildFilesPath/PrivateBrowser.build/Release-iphoneos/PrivateBrowser.build/assetcatalog_dependencies --output-partial-info-plist /Users/builder/Library/Developer/Xcode/DerivedData/PrivateBrowser-byjdimrmypcybfboqcgjnjbzupgy/Build/Intermediates.noindex/ArchiveIntermediates/PrivateBrowser/IntermediateBuildFilesPath/PrivateBrowser.build/Release-iphoneos/PrivateBrowser.build/assetcatalog_generated_info.plist --app-icon AppIcon --compress-pngs --enable-on-demand-resources YES --development-region en --target-device iphone --target-device ipad --minimum-deployment-target 16.0 --platform iphoneos --compile /Users/builder/Library/Developer/Xcode/DerivedData/PrivateBrowser-byjdimrmypcybfboqcgjnjbzupgy/Build/Intermediates.noindex/ArchiveIntermediates/PrivateBrowser/InstallationBuildProductsLocation/Applications/PrivateBrowser.app /Users/builder/clone/Sources/PrivateBrowser/Assets.xcassets
/* com.apple.actool.document.warnings */
/Users/builder/clone/Sources/PrivateBrowser/Assets.xcassets:./AppIcon.appiconset: warning: A 76x76@2x app icon is required for iPad apps targeting iOS 7.0 and later
/Users/builder/clone/Sources/PrivateBrowser/Assets.xcassets:./AppIcon.appiconset: warning: A 83.5x83.5@2x app icon is required for iPad apps targeting iOS 9.0 and later
/* com.apple.actool.compilation-results */
/Users/builder/Library/Developer/Xcode/DerivedData/PrivateBrowser-byjdimrmypcybfboqcgjnjbzupgy/Build/Intermediates.noindex/ArchiveIntermediates/PrivateBrowser/InstallationBuildProductsLocation/Applications/PrivateBrowser.app/AppIcon60x60@2x.png
/Users/builder/Library/Developer/Xcode/DerivedData/PrivateBrowser-byjdimrmypcybfboqcgjnjbzupgy/Build/Intermediates.noindex/ArchiveIntermediates/PrivateBrowser/InstallationBuildProductsLocation/Applications/PrivateBrowser.app/Assets.car
/Users/builder/Library/Developer/Xcode/DerivedData/PrivateBrowser-byjdimrmypcybfboqcgjnjbzupgy/Build/Intermediates.noindex/ArchiveIntermediates/PrivateBrowser/IntermediateBuildFilesPath/PrivateBrowser.build/Release-iphoneos/PrivateBrowser.build/assetcatalog_generated_info.plist


SwiftDriver PrivateBrowser normal arm64 com.apple.xcode.tools.swift.compiler (in target 'PrivateBrowser' from project 'PrivateBrowser')
    cd /Users/builder/clone
    builtin-SwiftDriver -- /Applications/Xcode-16.0.app/Contents/Developer/Toolchains/XcodeDefault.xctoolchain/usr/bin/swiftc -module-name PrivateBrowser -O -whole-module-optimization -enforce-exclusivity\=checked @/Users/builder/Library/Developer/Xcode/DerivedData/PrivateBrowser-byjdimrmypcybfboqcgjnjbzupgy/Build/Intermediates.noindex/ArchiveIntermediates/PrivateBrowser/IntermediateBuildFilesPath/PrivateBrowser.build/Release-iphoneos/PrivateBrowser.build/Objects-normal/arm64/PrivateBrowser.SwiftFileList -enable-bare-slash-regex -enable-experimental-feature DebugDescriptionMacro -sdk /Applications/Xcode-16.0.app/Contents/Developer/Platforms/iPhoneOS.platform/Developer/SDKs/iPhoneOS18.0.sdk -target arm64-apple-ios16.0 -g -module-cache-path /Users/builder/Library/Developer/Xcode/DerivedData/ModuleCache.noindex -Xfrontend -serialize-debugging-options -swift-version 5 -I /Users/builder/Library/Developer/Xcode/DerivedData/PrivateBrowser-byjdimrmypcybfboqcgjnjbzupgy/Build/Intermediates.noindex/ArchiveIntermediates/PrivateBrowser/BuildProductsPath/Release-iphoneos -F /Users/builder/Library/Developer/Xcode/DerivedData/PrivateBrowser-byjdimrmypcybfboqcgjnjbzupgy/Build/Intermediates.noindex/ArchiveIntermediates/PrivateBrowser/BuildProductsPath/Release-iphoneos -c -num-threads 8 -Xcc -ivfsstatcache -Xcc /Users/builder/Library/Developer/Xcode/DerivedData/SDKStatCaches.noindex/iphoneos18.0-22A3362-77c87d3582361da8819bf4750a9bd04a.sdkstatcache -output-file-map /Users/builder/Library/Developer/Xcode/DerivedData/PrivateBrowser-byjdimrmypcybfboqcgjnjbzupgy/Build/Intermediates.noindex/ArchiveIntermediates/PrivateBrowser/IntermediateBuildFilesPath/PrivateBrowser.build/Release-iphoneos/PrivateBrowser.build/Objects-normal/arm64/PrivateBrowser-OutputFileMap.json -use-frontend-parseable-output -save-temps -no-color-diagnostics -serialize-diagnostics -emit-dependencies -emit-module -emit-module-path /Users/builder/Library/Developer/Xcode/DerivedData/PrivateBrowser-byjdimrmypcybfboqcgjnjbzupgy/Build/Intermediates.noindex/ArchiveIntermediates/PrivateBrowser/IntermediateBuildFilesPath/PrivateBrowser.build/Release-iphoneos/PrivateBrowser.build/Objects-normal/arm64/PrivateBrowser.swiftmodule -validate-clang-modules-once -clang-build-session-file /Users/builder/Library/Developer/Xcode/DerivedData/ModuleCache.noindex/Session.modulevalidation -Xcc -I/Users/builder/Library/Developer/Xcode/DerivedData/PrivateBrowser-byjdimrmypcybfboqcgjnjbzupgy/Build/Intermediates.noindex/ArchiveIntermediates/PrivateBrowser/IntermediateBuildFilesPath/PrivateBrowser.build/Release-iphoneos/PrivateBrowser.build/swift-overrides.hmap -emit-const-values -Xfrontend -const-gather-protocols-file -Xfrontend /Users/builder/Library/Developer/Xcode/DerivedData/PrivateBrowser-byjdimrmypcybfboqcgjnjbzupgy/Build/Intermediates.noindex/ArchiveIntermediates/PrivateBrowser/IntermediateBuildFilesPath/PrivateBrowser.build/Release-iphoneos/PrivateBrowser.build/Objects-normal/arm64/PrivateBrowser_const_extract_protocols.json -Xcc -iquote -Xcc /Users/builder/Library/Developer/Xcode/DerivedData/PrivateBrowser-byjdimrmypcybfboqcgjnjbzupgy/Build/Intermediates.noindex/ArchiveIntermediates/PrivateBrowser/IntermediateBuildFilesPath/PrivateBrowser.build/Release-iphoneos/PrivateBrowser.build/PrivateBrowser-generated-files.hmap -Xcc -I/Users/builder/Library/Developer/Xcode/DerivedData/PrivateBrowser-byjdimrmypcybfboqcgjnjbzupgy/Build/Intermediates.noindex/ArchiveIntermediates/PrivateBrowser/IntermediateBuildFilesPath/PrivateBrowser.build/Release-iphoneos/PrivateBrowser.build/PrivateBrowser-own-target-headers.hmap -Xcc -I/Users/builder/Library/Developer/Xcode/DerivedData/PrivateBrowser-byjdimrmypcybfboqcgjnjbzupgy/Build/Intermediates.noindex/ArchiveIntermediates/PrivateBrowser/IntermediateBuildFilesPath/PrivateBrowser.build/Release-iphoneos/PrivateBrowser.build/PrivateBrowser-all-target-headers.hmap -Xcc -iquote -Xcc /Users/builder/Library/Developer/Xcode/DerivedData/PrivateBrowser-byjdimrmypcybfboqcgjnjbzupgy/Build/Intermediates.noindex/ArchiveIntermediates/PrivateBrowser/IntermediateBuildFilesPath/PrivateBrowser.build/Release-iphoneos/PrivateBrowser.build/PrivateBrowser-project-headers.hmap -Xcc -I/Users/builder/Library/Developer/Xcode/DerivedData/PrivateBrowser-byjdimrmypcybfboqcgjnjbzupgy/Build/Intermediates.noindex/ArchiveIntermediates/PrivateBrowser/BuildProductsPath/Release-iphoneos/include -Xcc -I/Users/builder/Library/Developer/Xcode/DerivedData/PrivateBrowser-byjdimrmypcybfboqcgjnjbzupgy/Build/Intermediates.noindex/ArchiveIntermediates/PrivateBrowser/IntermediateBuildFilesPath/PrivateBrowser.build/Release-iphoneos/PrivateBrowser.build/DerivedSources-normal/arm64 -Xcc -I/Users/builder/Library/Developer/Xcode/DerivedData/PrivateBrowser-byjdimrmypcybfboqcgjnjbzupgy/Build/Intermediates.noindex/ArchiveIntermediates/PrivateBrowser/IntermediateBuildFilesPath/PrivateBrowser.build/Release-iphoneos/PrivateBrowser.build/DerivedSources/arm64 -Xcc -I/Users/builder/Library/Developer/Xcode/DerivedData/PrivateBrowser-byjdimrmypcybfboqcgjnjbzupgy/Build/Intermediates.noindex/ArchiveIntermediates/PrivateBrowser/IntermediateBuildFilesPath/PrivateBrowser.build/Release-iphoneos/PrivateBrowser.build/DerivedSources -emit-objc-header -emit-objc-header-path /Users/builder/Library/Developer/Xcode/DerivedData/PrivateBrowser-byjdimrmypcybfboqcgjnjbzupgy/Build/Intermediates.noindex/ArchiveIntermediates/PrivateBrowser/IntermediateBuildFilesPath/PrivateBrowser.build/Release-iphoneos/PrivateBrowser.build/Objects-normal/arm64/PrivateBrowser-Swift.h -working-directory /Users/builder/clone -no-emit-module-separately-wmo

SwiftDriver\ Compilation PrivateBrowser normal arm64 com.apple.xcode.tools.swift.compiler (in target 'PrivateBrowser' from project 'PrivateBrowser')
    cd /Users/builder/clone
    builtin-Swift-Compilation -- /Applications/Xcode-16.0.app/Contents/Developer/Toolchains/XcodeDefault.xctoolchain/usr/bin/swiftc -module-name PrivateBrowser -O -whole-module-optimization -enforce-exclusivity\=checked @/Users/builder/Library/Developer/Xcode/DerivedData/PrivateBrowser-byjdimrmypcybfboqcgjnjbzupgy/Build/Intermediates.noindex/ArchiveIntermediates/PrivateBrowser/IntermediateBuildFilesPath/PrivateBrowser.build/Release-iphoneos/PrivateBrowser.build/Objects-normal/arm64/PrivateBrowser.SwiftFileList -enable-bare-slash-regex -enable-experimental-feature DebugDescriptionMacro -sdk /Applications/Xcode-16.0.app/Contents/Developer/Platforms/iPhoneOS.platform/Developer/SDKs/iPhoneOS18.0.sdk -target arm64-apple-ios16.0 -g -module-cache-path /Users/builder/Library/Developer/Xcode/DerivedData/ModuleCache.noindex -Xfrontend -serialize-debugging-options -swift-version 5 -I /Users/builder/Library/Developer/Xcode/DerivedData/PrivateBrowser-byjdimrmypcybfboqcgjnjbzupgy/Build/Intermediates.noindex/ArchiveIntermediates/PrivateBrowser/BuildProductsPath/Release-iphoneos -F /Users/builder/Library/Developer/Xcode/DerivedData/PrivateBrowser-byjdimrmypcybfboqcgjnjbzupgy/Build/Intermediates.noindex/ArchiveIntermediates/PrivateBrowser/BuildProductsPath/Release-iphoneos -c -num-threads 8 -Xcc -ivfsstatcache -Xcc /Users/builder/Library/Developer/Xcode/DerivedData/SDKStatCaches.noindex/iphoneos18.0-22A3362-77c87d3582361da8819bf4750a9bd04a.sdkstatcache -output-file-map /Users/builder/Library/Developer/Xcode/DerivedData/PrivateBrowser-byjdimrmypcybfboqcgjnjbzupgy/Build/Intermediates.noindex/ArchiveIntermediates/PrivateBrowser/IntermediateBuildFilesPath/PrivateBrowser.build/Release-iphoneos/PrivateBrowser.build/Objects-normal/arm64/PrivateBrowser-OutputFileMap.json -use-frontend-parseable-output -save-temps -no-color-diagnostics -serialize-diagnostics -emit-dependencies -emit-module -emit-module-path /Users/builder/Library/Developer/Xcode/DerivedData/PrivateBrowser-byjdimrmypcybfboqcgjnjbzupgy/Build/Intermediates.noindex/ArchiveIntermediates/PrivateBrowser/IntermediateBuildFilesPath/PrivateBrowser.build/Release-iphoneos/PrivateBrowser.build/Objects-normal/arm64/PrivateBrowser.swiftmodule -validate-clang-modules-once -clang-build-session-file /Users/builder/Library/Developer/Xcode/DerivedData/ModuleCache.noindex/Session.modulevalidation -Xcc -I/Users/builder/Library/Developer/Xcode/DerivedData/PrivateBrowser-byjdimrmypcybfboqcgjnjbzupgy/Build/Intermediates.noindex/ArchiveIntermediates/PrivateBrowser/IntermediateBuildFilesPath/PrivateBrowser.build/Release-iphoneos/PrivateBrowser.build/swift-overrides.hmap -emit-const-values -Xfrontend -const-gather-protocols-file -Xfrontend /Users/builder/Library/Developer/Xcode/DerivedData/PrivateBrowser-byjdimrmypcybfboqcgjnjbzupgy/Build/Intermediates.noindex/ArchiveIntermediates/PrivateBrowser/IntermediateBuildFilesPath/PrivateBrowser.build/Release-iphoneos/PrivateBrowser.build/Objects-normal/arm64/PrivateBrowser_const_extract_protocols.json -Xcc -iquote -Xcc /Users/builder/Library/Developer/Xcode/DerivedData/PrivateBrowser-byjdimrmypcybfboqcgjnjbzupgy/Build/Intermediates.noindex/ArchiveIntermediates/PrivateBrowser/IntermediateBuildFilesPath/PrivateBrowser.build/Release-iphoneos/PrivateBrowser.build/PrivateBrowser-generated-files.hmap -Xcc -I/Users/builder/Library/Developer/Xcode/DerivedData/PrivateBrowser-byjdimrmypcybfboqcgjnjbzupgy/Build/Intermediates.noindex/ArchiveIntermediates/PrivateBrowser/IntermediateBuildFilesPath/PrivateBrowser.build/Release-iphoneos/PrivateBrowser.build/PrivateBrowser-own-target-headers.hmap -Xcc -I/Users/builder/Library/Developer/Xcode/DerivedData/PrivateBrowser-byjdimrmypcybfboqcgjnjbzupgy/Build/Intermediates.noindex/ArchiveIntermediates/PrivateBrowser/IntermediateBuildFilesPath/PrivateBrowser.build/Release-iphoneos/PrivateBrowser.build/PrivateBrowser-all-target-headers.hmap -Xcc -iquote -Xcc /Users/builder/Library/Developer/Xcode/DerivedData/PrivateBrowser-byjdimrmypcybfboqcgjnjbzupgy/Build/Intermediates.noindex/ArchiveIntermediates/PrivateBrowser/IntermediateBuildFilesPath/PrivateBrowser.build/Release-iphoneos/PrivateBrowser.build/PrivateBrowser-project-headers.hmap -Xcc -I/Users/builder/Library/Developer/Xcode/DerivedData/PrivateBrowser-byjdimrmypcybfboqcgjnjbzupgy/Build/Intermediates.noindex/ArchiveIntermediates/PrivateBrowser/BuildProductsPath/Release-iphoneos/include -Xcc -I/Users/builder/Library/Developer/Xcode/DerivedData/PrivateBrowser-byjdimrmypcybfboqcgjnjbzupgy/Build/Intermediates.noindex/ArchiveIntermediates/PrivateBrowser/IntermediateBuildFilesPath/PrivateBrowser.build/Release-iphoneos/PrivateBrowser.build/DerivedSources-normal/arm64 -Xcc -I/Users/builder/Library/Developer/Xcode/DerivedData/PrivateBrowser-byjdimrmypcybfboqcgjnjbzupgy/Build/Intermediates.noindex/ArchiveIntermediates/PrivateBrowser/IntermediateBuildFilesPath/PrivateBrowser.build/Release-iphoneos/PrivateBrowser.build/DerivedSources/arm64 -Xcc -I/Users/builder/Library/Developer/Xcode/DerivedData/PrivateBrowser-byjdimrmypcybfboqcgjnjbzupgy/Build/Intermediates.noindex/ArchiveIntermediates/PrivateBrowser/IntermediateBuildFilesPath/PrivateBrowser.build/Release-iphoneos/PrivateBrowser.build/DerivedSources -emit-objc-header -emit-objc-header-path /Users/builder/Library/Developer/Xcode/DerivedData/PrivateBrowser-byjdimrmypcybfboqcgjnjbzupgy/Build/Intermediates.noindex/ArchiveIntermediates/PrivateBrowser/IntermediateBuildFilesPath/PrivateBrowser.build/Release-iphoneos/PrivateBrowser.build/Objects-normal/arm64/PrivateBrowser-Swift.h -working-directory /Users/builder/clone -no-emit-module-separately-wmo

SwiftCompile normal arm64 Compiling\ AboutView.swift,\ AdaptiveGlass.swift,\ AntiIPLeak.swift,\ App.swift,\ BottomToolbarView.swift,\ BrowserController.swift,\ BrowserTab.swift,\ BrowserView.swift,\ Color+Hex.swift,\ ContentBlocker.swift,\ ContentView.swift,\ DebugConsoleView.swift,\ DownloadManager.swift,\ DownloadPanelView.swift,\ ErrorOverlayView.swift,\ MenuView.swift,\ PrivacyManager.swift,\ PrivacyShieldView.swift,\ SearchEngine.swift,\ SettingsKeys.swift,\ TabGridView.swift,\ TabsManager.swift,\ UIApplication+TopViewController.swift,\ URLBarView.swift,\ UserscriptEditorView.swift,\ UserscriptManager.swift,\ WindowModeView.swift,\ ZoomManager.swift,\ ZoomPanelView.swift,\ GeneratedAssetSymbols.swift /Users/builder/clone/Sources/PrivateBrowser/Views/AboutView.swift /Users/builder/clone/Sources/PrivateBrowser/Extensions/AdaptiveGlass.swift /Users/builder/clone/Sources/PrivateBrowser/WebView/AntiIPLeak.swift /Users/builder/clone/Sources/PrivateBrowser/App.swift /Users/builder/clone/Sources/PrivateBrowser/Views/BottomToolbarView.swift /Users/builder/clone/Sources/PrivateBrowser/Models/BrowserController.swift /Users/builder/clone/Sources/PrivateBrowser/Models/BrowserTab.swift /Users/builder/clone/Sources/PrivateBrowser/WebView/BrowserView.swift /Users/builder/clone/Sources/PrivateBrowser/Extensions/Color+Hex.swift /Users/builder/clone/Sources/PrivateBrowser/WebView/ContentBlocker.swift /Users/builder/clone/Sources/PrivateBrowser/ContentView.swift /Users/builder/clone/Sources/PrivateBrowser/Views/DebugConsoleView.swift /Users/builder/clone/Sources/PrivateBrowser/Models/DownloadManager.swift /Users/builder/clone/Sources/PrivateBrowser/Views/DownloadPanelView.swift /Users/builder/clone/Sources/PrivateBrowser/Views/ErrorOverlayView.swift /Users/builder/clone/Sources/PrivateBrowser/Views/MenuView.swift /Users/builder/clone/Sources/PrivateBrowser/WebView/PrivacyManager.swift /Users/builder/clone/Sources/PrivateBrowser/Views/PrivacyShieldView.swift /Users/builder/clone/Sources/PrivateBrowser/Models/SearchEngine.swift /Users/builder/clone/Sources/PrivateBrowser/Models/SettingsKeys.swift /Users/builder/clone/Sources/PrivateBrowser/Views/TabGridView.swift /Users/builder/clone/Sources/PrivateBrowser/Models/TabsManager.swift /Users/builder/clone/Sources/PrivateBrowser/Extensions/UIApplication+TopViewController.swift /Users/builder/clone/Sources/PrivateBrowser/Views/URLBarView.swift /Users/builder/clone/Sources/PrivateBrowser/Views/UserscriptEditorView.swift /Users/builder/clone/Sources/PrivateBrowser/Models/UserscriptManager.swift /Users/builder/clone/Sources/PrivateBrowser/Views/WindowModeView.swift /Users/builder/clone/Sources/PrivateBrowser/Models/ZoomManager.swift /Users/builder/clone/Sources/PrivateBrowser/Views/ZoomPanelView.swift /Users/builder/Library/Developer/Xcode/DerivedData/PrivateBrowser-byjdimrmypcybfboqcgjnjbzupgy/Build/Intermediates.noindex/ArchiveIntermediates/PrivateBrowser/IntermediateBuildFilesPath/PrivateBrowser.build/Release-iphoneos/PrivateBrowser.build/DerivedSources/GeneratedAssetSymbols.swift (in target 'PrivateBrowser' from project 'PrivateBrowser')
    cd /Users/builder/clone
    builtin-swiftTaskExecution -- /Applications/Xcode-16.0.app/Contents/Developer/Toolchains/XcodeDefault.xctoolchain/usr/bin/swift-frontend -frontend -c /Users/builder/clone/Sources/PrivateBrowser/Views/AboutView.swift /Users/builder/clone/Sources/PrivateBrowser/Extensions/AdaptiveGlass.swift /Users/builder/clone/Sources/PrivateBrowser/WebView/AntiIPLeak.swift /Users/builder/clone/Sources/PrivateBrowser/App.swift /Users/builder/clone/Sources/PrivateBrowser/Views/BottomToolbarView.swift /Users/builder/clone/Sources/PrivateBrowser/Models/BrowserController.swift /Users/builder/clone/Sources/PrivateBrowser/Models/BrowserTab.swift /Users/builder/clone/Sources/PrivateBrowser/WebView/BrowserView.swift /Users/builder/clone/Sources/PrivateBrowser/Extensions/Color+Hex.swift /Users/builder/clone/Sources/PrivateBrowser/WebView/ContentBlocker.swift /Users/builder/clone/Sources/PrivateBrowser/ContentView.swift /Users/builder/clone/Sources/PrivateBrowser/Views/DebugConsoleView.swift /Users/builder/clone/Sources/PrivateBrowser/Models/DownloadManager.swift /Users/builder/clone/Sources/PrivateBrowser/Views/DownloadPanelView.swift /Users/builder/clone/Sources/PrivateBrowser/Views/ErrorOverlayView.swift /Users/builder/clone/Sources/PrivateBrowser/Views/MenuView.swift /Users/builder/clone/Sources/PrivateBrowser/WebView/PrivacyManager.swift /Users/builder/clone/Sources/PrivateBrowser/Views/PrivacyShieldView.swift /Users/builder/clone/Sources/PrivateBrowser/Models/SearchEngine.swift /Users/builder/clone/Sources/PrivateBrowser/Models/SettingsKeys.swift /Users/builder/clone/Sources/PrivateBrowser/Views/TabGridView.swift /Users/builder/clone/Sources/PrivateBrowser/Models/TabsManager.swift /Users/builder/clone/Sources/PrivateBrowser/Extensions/UIApplication+TopViewController.swift /Users/builder/clone/Sources/PrivateBrowser/Views/URLBarView.swift /Users/builder/clone/Sources/PrivateBrowser/Views/UserscriptEditorView.swift /Users/builder/clone/Sources/PrivateBrowser/Models/UserscriptManager.swift /Users/builder/clone/Sources/PrivateBrowser/Views/WindowModeView.swift /Users/builder/clone/Sources/PrivateBrowser/Models/ZoomManager.swift /Users/builder/clone/Sources/PrivateBrowser/Views/ZoomPanelView.swift /Users/builder/Library/Developer/Xcode/DerivedData/PrivateBrowser-byjdimrmypcybfboqcgjnjbzupgy/Build/Intermediates.noindex/ArchiveIntermediates/PrivateBrowser/IntermediateBuildFilesPath/PrivateBrowser.build/Release-iphoneos/PrivateBrowser.build/DerivedSources/GeneratedAssetSymbols.swift -supplementary-output-file-map /Users/builder/Library/Developer/Xcode/DerivedData/PrivateBrowser-byjdimrmypcybfboqcgjnjbzupgy/Build/Intermediates.noindex/ArchiveIntermediates/PrivateBrowser/IntermediateBuildFilesPath/PrivateBrowser.build/Release-iphoneos/PrivateBrowser.build/Objects-normal/arm64/supplementaryOutputs-1 -target arm64-apple-ios16.0 -Xllvm -aarch64-use-tbi -enable-objc-interop -stack-check -sdk /Applications/Xcode-16.0.app/Contents/Developer/Platforms/iPhoneOS.platform/Developer/SDKs/iPhoneOS18.0.sdk -I /Users/builder/Library/Developer/Xcode/DerivedData/PrivateBrowser-byjdimrmypcybfboqcgjnjbzupgy/Build/Intermediates.noindex/ArchiveIntermediates/PrivateBrowser/BuildProductsPath/Release-iphoneos -F /Users/builder/Library/Developer/Xcode/DerivedData/PrivateBrowser-byjdimrmypcybfboqcgjnjbzupgy/Build/Intermediates.noindex/ArchiveIntermediates/PrivateBrowser/BuildProductsPath/Release-iphoneos -no-color-diagnostics -g -debug-info-format\=dwarf -dwarf-version\=4 -module-cache-path /Users/builder/Library/Developer/Xcode/DerivedData/ModuleCache.noindex -swift-version 5 -enforce-exclusivity\=checked -O -serialize-debugging-options -const-gather-protocols-file /Users/builder/Library/Developer/Xcode/DerivedData/PrivateBrowser-byjdimrmypcybfboqcgjnjbzupgy/Build/Intermediates.noindex/ArchiveIntermediates/PrivateBrowser/IntermediateBuildFilesPath/PrivateBrowser.build/Release-iphoneos/PrivateBrowser.build/Objects-normal/arm64/PrivateBrowser_const_extract_protocols.json -enable-experimental-feature DebugDescriptionMacro -enable-bare-slash-regex -empty-abi-descriptor -validate-clang-modules-once -clang-build-session-file /Users/builder/Library/Developer/Xcode/DerivedData/ModuleCache.noindex/Session.modulevalidation -Xcc -working-directory -Xcc /Users/builder/clone -resource-dir /Applications/Xcode-16.0.app/Contents/Developer/Toolchains/XcodeDefault.xctoolchain/usr/lib/swift -file-compilation-dir /Users/builder/clone -Xcc -ivfsstatcache -Xcc /Users/builder/Library/Developer/Xcode/DerivedData/SDKStatCaches.noindex/iphoneos18.0-22A3362-77c87d3582361da8819bf4750a9bd04a.sdkstatcache -Xcc -I/Users/builder/Library/Developer/Xcode/DerivedData/PrivateBrowser-byjdimrmypcybfboqcgjnjbzupgy/Build/Intermediates.noindex/ArchiveIntermediates/PrivateBrowser/IntermediateBuildFilesPath/PrivateBrowser.build/Release-iphoneos/PrivateBrowser.build/swift-overrides.hmap -Xcc -iquote -Xcc /Users/builder/Library/Developer/Xcode/DerivedData/PrivateBrowser-byjdimrmypcybfboqcgjnjbzupgy/Build/Intermediates.noindex/ArchiveIntermediates/PrivateBrowser/IntermediateBuildFilesPath/PrivateBrowser.build/Release-iphoneos/PrivateBrowser.build/PrivateBrowser-generated-files.hmap -Xcc -I/Users/builder/Library/Developer/Xcode/DerivedData/PrivateBrowser-byjdimrmypcybfboqcgjnjbzupgy/Build/Intermediates.noindex/ArchiveIntermediates/PrivateBrowser/IntermediateBuildFilesPath/PrivateBrowser.build/Release-iphoneos/PrivateBrowser.build/PrivateBrowser-own-target-headers.hmap -Xcc -I/Users/builder/Library/Developer/Xcode/DerivedData/PrivateBrowser-byjdimrmypcybfboqcgjnjbzupgy/Build/Intermediates.noindex/ArchiveIntermediates/PrivateBrowser/IntermediateBuildFilesPath/PrivateBrowser.build/Release-iphoneos/PrivateBrowser.build/PrivateBrowser-all-target-headers.hmap -Xcc -iquote -Xcc /Users/builder/Library/Developer/Xcode/DerivedData/PrivateBrowser-byjdimrmypcybfboqcgjnjbzupgy/Build/Intermediates.noindex/ArchiveIntermediates/PrivateBrowser/IntermediateBuildFilesPath/PrivateBrowser.build/Release-iphoneos/PrivateBrowser.build/PrivateBrowser-project-headers.hmap -Xcc -I/Users/builder/Library/Developer/Xcode/DerivedData/PrivateBrowser-byjdimrmypcybfboqcgjnjbzupgy/Build/Intermediates.noindex/ArchiveIntermediates/PrivateBrowser/BuildProductsPath/Release-iphoneos/include -Xcc -I/Users/builder/Library/Developer/Xcode/DerivedData/PrivateBrowser-byjdimrmypcybfboqcgjnjbzupgy/Build/Intermediates.noindex/ArchiveIntermediates/PrivateBrowser/IntermediateBuildFilesPath/PrivateBrowser.build/Release-iphoneos/PrivateBrowser.build/DerivedSources-normal/arm64 -Xcc -I/Users/builder/Library/Developer/Xcode/DerivedData/PrivateBrowser-byjdimrmypcybfboqcgjnjbzupgy/Build/Intermediates.noindex/ArchiveIntermediates/PrivateBrowser/IntermediateBuildFilesPath/PrivateBrowser.build/Release-iphoneos/PrivateBrowser.build/DerivedSources/arm64 -Xcc -I/Users/builder/Library/Developer/Xcode/DerivedData/PrivateBrowser-byjdimrmypcybfboqcgjnjbzupgy/Build/Intermediates.noindex/ArchiveIntermediates/PrivateBrowser/IntermediateBuildFilesPath/PrivateBrowser.build/Release-iphoneos/PrivateBrowser.build/DerivedSources -module-name PrivateBrowser -frontend-parseable-output -disable-clang-spi -target-sdk-version 18.0 -target-sdk-name iphoneos18.0 -external-plugin-path /Applications/Xcode-16.0.app/Contents/Developer/Platforms/iPhoneOS.platform/Developer/usr/lib/swift/host/plugins\#/Applications/Xcode-16.0.app/Contents/Developer/Platforms/iPhoneOS.platform/Developer/usr/bin/swift-plugin-server -external-plugin-path /Applications/Xcode-16.0.app/Contents/Developer/Platforms/iPhoneOS.platform/Developer/usr/local/lib/swift/host/plugins\#/Applications/Xcode-16.0.app/Contents/Developer/Platforms/iPhoneOS.platform/Developer/usr/bin/swift-plugin-server -plugin-path /Applications/Xcode-16.0.app/Contents/Developer/Toolchains/XcodeDefault.xctoolchain/usr/lib/swift/host/plugins -plugin-path /Applications/Xcode-16.0.app/Contents/Developer/Toolchains/XcodeDefault.xctoolchain/usr/local/lib/swift/host/plugins -enable-default-cmo -num-threads 8 -o /Users/builder/Library/Developer/Xcode/DerivedData/PrivateBrowser-byjdimrmypcybfboqcgjnjbzupgy/Build/Intermediates.noindex/ArchiveIntermediates/PrivateBrowser/IntermediateBuildFilesPath/PrivateBrowser.build/Release-iphoneos/PrivateBrowser.build/Objects-normal/arm64/AboutView.o -o /Users/builder/Library/Developer/Xcode/DerivedData/PrivateBrowser-byjdimrmypcybfboqcgjnjbzupgy/Build/Intermediates.noindex/ArchiveIntermediates/PrivateBrowser/IntermediateBuildFilesPath/PrivateBrowser.build/Release-iphoneos/PrivateBrowser.build/Objects-normal/arm64/AdaptiveGlass.o -o /Users/builder/Library/Developer/Xcode/DerivedData/PrivateBrowser-byjdimrmypcybfboqcgjnjbzupgy/Build/Intermediates.noindex/ArchiveIntermediates/PrivateBrowser/IntermediateBuildFilesPath/PrivateBrowser.build/Release-iphoneos/PrivateBrowser.build/Objects-normal/arm64/AntiIPLeak.o -o /Users/builder/Library/Developer/Xcode/DerivedData/PrivateBrowser-byjdimrmypcybfboqcgjnjbzupgy/Build/Intermediates.noindex/ArchiveIntermediates/PrivateBrowser/IntermediateBuildFilesPath/PrivateBrowser.build/Release-iphoneos/PrivateBrowser.build/Objects-normal/arm64/App.o -o /Users/builder/Library/Developer/Xcode/DerivedData/PrivateBrowser-byjdimrmypcybfboqcgjnjbzupgy/Build/Intermediates.noindex/ArchiveIntermediates/PrivateBrowser/IntermediateBuildFilesPath/PrivateBrowser.build/Release-iphoneos/PrivateBrowser.build/Objects-normal/arm64/BottomToolbarView.o -o /Users/builder/Library/Developer/Xcode/DerivedData/PrivateBrowser-byjdimrmypcybfboqcgjnjbzupgy/Build/Intermediates.noindex/ArchiveIntermediates/PrivateBrowser/IntermediateBuildFilesPath/PrivateBrowser.build/Release-iphoneos/PrivateBrowser.build/Objects-normal/arm64/BrowserController.o -o /Users/builder/Library/Developer/Xcode/DerivedData/PrivateBrowser-byjdimrmypcybfboqcgjnjbzupgy/Build/Intermediates.noindex/ArchiveIntermediates/PrivateBrowser/IntermediateBuildFilesPath/PrivateBrowser.build/Release-iphoneos/PrivateBrowser.build/Objects-normal/arm64/BrowserTab.o -o /Users/builder/Library/Developer/Xcode/DerivedData/PrivateBrowser-byjdimrmypcybfboqcgjnjbzupgy/Build/Intermediates.noindex/ArchiveIntermediates/PrivateBrowser/IntermediateBuildFilesPath/PrivateBrowser.build/Release-iphoneos/PrivateBrowser.build/Objects-normal/arm64/BrowserView.o -o /Users/builder/Library/Developer/Xcode/DerivedData/PrivateBrowser-byjdimrmypcybfboqcgjnjbzupgy/Build/Intermediates.noindex/ArchiveIntermediates/PrivateBrowser/IntermediateBuildFilesPath/PrivateBrowser.build/Release-iphoneos/PrivateBrowser.build/Objects-normal/arm64/Color+Hex.o -o /Users/builder/Library/Developer/Xcode/DerivedData/PrivateBrowser-byjdimrmypcybfboqcgjnjbzupgy/Build/Intermediates.noindex/ArchiveIntermediates/PrivateBrowser/IntermediateBuildFilesPath/PrivateBrowser.build/Release-iphoneos/PrivateBrowser.build/Objects-normal/arm64/ContentBlocker.o -o /Users/builder/Library/Developer/Xcode/DerivedData/PrivateBrowser-byjdimrmypcybfboqcgjnjbzupgy/Build/Intermediates.noindex/ArchiveIntermediates/PrivateBrowser/IntermediateBuildFilesPath/PrivateBrowser.build/Release-iphoneos/PrivateBrowser.build/Objects-normal/arm64/ContentView.o -o /Users/builder/Library/Developer/Xcode/DerivedData/PrivateBrowser-byjdimrmypcybfboqcgjnjbzupgy/Build/Intermediates.noindex/ArchiveIntermediates/PrivateBrowser/IntermediateBuildFilesPath/PrivateBrowser.build/Release-iphoneos/PrivateBrowser.build/Objects-normal/arm64/DebugConsoleView.o -o /Users/builder/Library/Developer/Xcode/DerivedData/PrivateBrowser-byjdimrmypcybfboqcgjnjbzupgy/Build/Intermediates.noindex/ArchiveIntermediates/PrivateBrowser/IntermediateBuildFilesPath/PrivateBrowser.build/Release-iphoneos/PrivateBrowser.build/Objects-normal/arm64/DownloadManager.o -o /Users/builder/Library/Developer/Xcode/DerivedData/PrivateBrowser-byjdimrmypcybfboqcgjnjbzupgy/Build/Intermediates.noindex/ArchiveIntermediates/PrivateBrowser/IntermediateBuildFilesPath/PrivateBrowser.build/Release-iphoneos/PrivateBrowser.build/Objects-normal/arm64/DownloadPanelView.o -o /Users/builder/Library/Developer/Xcode/DerivedData/PrivateBrowser-byjdimrmypcybfboqcgjnjbzupgy/Build/Intermediates.noindex/ArchiveIntermediates/PrivateBrowser/IntermediateBuildFilesPath/PrivateBrowser.build/Release-iphoneos/PrivateBrowser.build/Objects-normal/arm64/ErrorOverlayView.o -o /Users/builder/Library/Developer/Xcode/DerivedData/PrivateBrowser-byjdimrmypcybfboqcgjnjbzupgy/Build/Intermediates.noindex/ArchiveIntermediates/PrivateBrowser/IntermediateBuildFilesPath/PrivateBrowser.build/Release-iphoneos/PrivateBrowser.build/Objects-normal/arm64/MenuView.o -o /Users/builder/Library/Developer/Xcode/DerivedData/PrivateBrowser-byjdimrmypcybfboqcgjnjbzupgy/Build/Intermediates.noindex/ArchiveIntermediates/PrivateBrowser/IntermediateBuildFilesPath/PrivateBrowser.build/Release-iphoneos/PrivateBrowser.build/Objects-normal/arm64/PrivacyManager.o -o /Users/builder/Library/Developer/Xcode/DerivedData/PrivateBrowser-byjdimrmypcybfboqcgjnjbzupgy/Build/Intermediates.noindex/ArchiveIntermediates/PrivateBrowser/IntermediateBuildFilesPath/PrivateBrowser.build/Release-iphoneos/PrivateBrowser.build/Objects-normal/arm64/PrivacyShieldView.o -o /Users/builder/Library/Developer/Xcode/DerivedData/PrivateBrowser-byjdimrmypcybfboqcgjnjbzupgy/Build/Intermediates.noindex/ArchiveIntermediates/PrivateBrowser/IntermediateBuildFilesPath/PrivateBrowser.build/Release-iphoneos/PrivateBrowser.build/Objects-normal/arm64/SearchEngine.o -o /Users/builder/Library/Developer/Xcode/DerivedData/PrivateBrowser-byjdimrmypcybfboqcgjnjbzupgy/Build/Intermediates.noindex/ArchiveIntermediates/PrivateBrowser/IntermediateBuildFilesPath/PrivateBrowser.build/Release-iphoneos/PrivateBrowser.build/Objects-normal/arm64/SettingsKeys.o -o /Users/builder/Library/Developer/Xcode/DerivedData/PrivateBrowser-byjdimrmypcybfboqcgjnjbzupgy/Build/Intermediates.noindex/ArchiveIntermediates/PrivateBrowser/IntermediateBuildFilesPath/PrivateBrowser.build/Release-iphoneos/PrivateBrowser.build/Objects-normal/arm64/TabGridView.o -o /Users/builder/Library/Developer/Xcode/DerivedData/PrivateBrowser-byjdimrmypcybfboqcgjnjbzupgy/Build/Intermediates.noindex/ArchiveIntermediates/PrivateBrowser/IntermediateBuildFilesPath/PrivateBrowser.build/Release-iphoneos/PrivateBrowser.build/Objects-normal/arm64/TabsManager.o -o /Users/builder/Library/Developer/Xcode/DerivedData/PrivateBrowser-byjdimrmypcybfboqcgjnjbzupgy/Build/Intermediates.noindex/ArchiveIntermediates/PrivateBrowser/IntermediateBuildFilesPath/PrivateBrowser.build/Release-iphoneos/PrivateBrowser.build/Objects-normal/arm64/UIApplication+TopViewController.o -o /Users/builder/Library/Developer/Xcode/DerivedData/PrivateBrowser-byjdimrmypcybfboqcgjnjbzupgy/Build/Intermediates.noindex/ArchiveIntermediates/PrivateBrowser/IntermediateBuildFilesPath/PrivateBrowser.build/Release-iphoneos/PrivateBrowser.build/Objects-normal/arm64/URLBarView.o -o /Users/builder/Library/Developer/Xcode/DerivedData/PrivateBrowser-byjdimrmypcybfboqcgjnjbzupgy/Build/Intermediates.noindex/ArchiveIntermediates/PrivateBrowser/IntermediateBuildFilesPath/PrivateBrowser.build/Release-iphoneos/PrivateBrowser.build/Objects-normal/arm64/UserscriptEditorView.o -o /Users/builder/Library/Developer/Xcode/DerivedData/PrivateBrowser-byjdimrmypcybfboqcgjnjbzupgy/Build/Intermediates.noindex/ArchiveIntermediates/PrivateBrowser/IntermediateBuildFilesPath/PrivateBrowser.build/Release-iphoneos/PrivateBrowser.build/Objects-normal/arm64/UserscriptManager.o -o /Users/builder/Library/Developer/Xcode/DerivedData/PrivateBrowser-byjdimrmypcybfboqcgjnjbzupgy/Build/Intermediates.noindex/ArchiveIntermediates/PrivateBrowser/IntermediateBuildFilesPath/PrivateBrowser.build/Release-iphoneos/PrivateBrowser.build/Objects-normal/arm64/WindowModeView.o -o /Users/builder/Library/Developer/Xcode/DerivedData/PrivateBrowser-byjdimrmypcybfboqcgjnjbzupgy/Build/Intermediates.noindex/ArchiveIntermediates/PrivateBrowser/IntermediateBuildFilesPath/PrivateBrowser.build/Release-iphoneos/PrivateBrowser.build/Objects-normal/arm64/ZoomManager.o -o /Users/builder/Library/Developer/Xcode/DerivedData/PrivateBrowser-byjdimrmypcybfboqcgjnjbzupgy/Build/Intermediates.noindex/ArchiveIntermediates/PrivateBrowser/IntermediateBuildFilesPath/PrivateBrowser.build/Release-iphoneos/PrivateBrowser.build/Objects-normal/arm64/ZoomPanelView.o -o /Users/builder/Library/Developer/Xcode/DerivedData/PrivateBrowser-byjdimrmypcybfboqcgjnjbzupgy/Build/Intermediates.noindex/ArchiveIntermediates/PrivateBrowser/IntermediateBuildFilesPath/PrivateBrowser.build/Release-iphoneos/PrivateBrowser.build/Objects-normal/arm64/GeneratedAssetSymbols.o -index-unit-output-path /PrivateBrowser.build/Release-iphoneos/PrivateBrowser.build/Objects-normal/arm64/AboutView.o -index-unit-output-path /PrivateBrowser.build/Release-iphoneos/PrivateBrowser.build/Objects-normal/arm64/AdaptiveGlass.o -index-unit-output-path /PrivateBrowser.build/Release-iphoneos/PrivateBrowser.build/Objects-normal/arm64/AntiIPLeak.o -index-unit-output-path /PrivateBrowser.build/Release-iphoneos/PrivateBrowser.build/Objects-normal/arm64/App.o -index-unit-output-path /PrivateBrowser.build/Release-iphoneos/PrivateBrowser.build/Objects-normal/arm64/BottomToolbarView.o -index-unit-output-path /PrivateBrowser.build/Release-iphoneos/PrivateBrowser.build/Objects-normal/arm64/BrowserController.o -index-unit-output-path /PrivateBrowser.build/Release-iphoneos/PrivateBrowser.build/Objects-normal/arm64/BrowserTab.o -index-unit-output-path /PrivateBrowser.build/Release-iphoneos/PrivateBrowser.build/Objects-normal/arm64/BrowserView.o -index-unit-output-path /PrivateBrowser.build/Release-iphoneos/PrivateBrowser.build/Objects-normal/arm64/Color+Hex.o -index-unit-output-path /PrivateBrowser.build/Release-iphoneos/PrivateBrowser.build/Objects-normal/arm64/ContentBlocker.o -index-unit-output-path /PrivateBrowser.build/Release-iphoneos/PrivateBrowser.build/Objects-normal/arm64/ContentView.o -index-unit-output-path /PrivateBrowser.build/Release-iphoneos/PrivateBrowser.build/Objects-normal/arm64/DebugConsoleView.o -index-unit-output-path /PrivateBrowser.build/Release-iphoneos/PrivateBrowser.build/Objects-normal/arm64/DownloadManager.o -index-unit-output-path /PrivateBrowser.build/Release-iphoneos/PrivateBrowser.build/Objects-normal/arm64/DownloadPanelView.o -index-unit-output-path /PrivateBrowser.build/Release-iphoneos/PrivateBrowser.build/Objects-normal/arm64/ErrorOverlayView.o -index-unit-output-path /PrivateBrowser.build/Release-iphoneos/PrivateBrowser.build/Objects-normal/arm64/MenuView.o -index-unit-output-path /PrivateBrowser.build/Release-iphoneos/PrivateBrowser.build/Objects-normal/arm64/PrivacyManager.o -index-unit-output-path /PrivateBrowser.build/Release-iphoneos/PrivateBrowser.build/Objects-normal/arm64/PrivacyShieldView.o -index-unit-output-path /PrivateBrowser.build/Release-iphoneos/PrivateBrowser.build/Objects-normal/arm64/SearchEngine.o -index-unit-output-path /PrivateBrowser.build/Release-iphoneos/PrivateBrowser.build/Objects-normal/arm64/SettingsKeys.o -index-unit-output-path /PrivateBrowser.build/Release-iphoneos/PrivateBrowser.build/Objects-normal/arm64/TabGridView.o -index-unit-output-path /PrivateBrowser.build/Release-iphoneos/PrivateBrowser.build/Objects-normal/arm64/TabsManager.o -index-unit-output-path /PrivateBrowser.build/Release-iphoneos/PrivateBrowser.build/Objects-normal/arm64/UIApplication+TopViewController.o -index-unit-output-path /PrivateBrowser.build/Release-iphoneos/PrivateBrowser.build/Objects-normal/arm64/URLBarView.o -index-unit-output-path /PrivateBrowser.build/Release-iphoneos/PrivateBrowser.build/Objects-normal/arm64/UserscriptEditorView.o -index-unit-output-path /PrivateBrowser.build/Release-iphoneos/PrivateBrowser.build/Objects-normal/arm64/UserscriptManager.o -index-unit-output-path /PrivateBrowser.build/Release-iphoneos/PrivateBrowser.build/Objects-normal/arm64/WindowModeView.o -index-unit-output-path /PrivateBrowser.build/Release-iphoneos/PrivateBrowser.build/Objects-normal/arm64/ZoomManager.o -index-unit-output-path /PrivateBrowser.build/Release-iphoneos/PrivateBrowser.build/Objects-normal/arm64/ZoomPanelView.o -index-unit-output-path /PrivateBrowser.build/Release-iphoneos/PrivateBrowser.build/Objects-normal/arm64/GeneratedAssetSymbols.o
CompileSwift normal arm64 (in target 'PrivateBrowser' from project 'PrivateBrowser')
    cd /Users/builder/clone
    /Applications/Xcode-16.0.app/Contents/Developer/Toolchains/XcodeDefault.xctoolchain/usr/bin/swift-frontend -c /Users/builder/clone/Sources/PrivateBrowser/Views/AboutView.swift /Users/builder/clone/Sources/PrivateBrowser/Extensions/AdaptiveGlass.swift /Users/builder/clone/Sources/PrivateBrowser/WebView/AntiIPLeak.swift /Users/builder/clone/Sources/PrivateBrowser/App.swift /Users/builder/clone/Sources/PrivateBrowser/Views/BottomToolbarView.swift /Users/builder/clone/Sources/PrivateBrowser/Models/BrowserController.swift /Users/builder/clone/Sources/PrivateBrowser/Models/BrowserTab.swift /Users/builder/clone/Sources/PrivateBrowser/WebView/BrowserView.swift /Users/builder/clone/Sources/PrivateBrowser/Extensions/Color+Hex.swift /Users/builder/clone/Sources/PrivateBrowser/WebView/ContentBlocker.swift /Users/builder/clone/Sources/PrivateBrowser/ContentView.swift /Users/builder/clone/Sources/PrivateBrowser/Views/DebugConsoleView.swift /Users/builder/clone/Sources/PrivateBrowser/Models/DownloadManager.swift /Users/builder/clone/Sources/PrivateBrowser/Views/DownloadPanelView.swift /Users/builder/clone/Sources/PrivateBrowser/Views/ErrorOverlayView.swift /Users/builder/clone/Sources/PrivateBrowser/Views/MenuView.swift /Users/builder/clone/Sources/PrivateBrowser/WebView/PrivacyManager.swift /Users/builder/clone/Sources/PrivateBrowser/Views/PrivacyShieldView.swift /Users/builder/clone/Sources/PrivateBrowser/Models/SearchEngine.swift /Users/builder/clone/Sources/PrivateBrowser/Models/SettingsKeys.swift /Users/builder/clone/Sources/PrivateBrowser/Views/TabGridView.swift /Users/builder/clone/Sources/PrivateBrowser/Models/TabsManager.swift /Users/builder/clone/Sources/PrivateBrowser/Extensions/UIApplication+TopViewController.swift /Users/builder/clone/Sources/PrivateBrowser/Views/URLBarView.swift /Users/builder/clone/Sources/PrivateBrowser/Views/UserscriptEditorView.swift /Users/builder/clone/Sources/PrivateBrowser/Models/UserscriptManager.swift /Users/builder/clone/Sources/PrivateBrowser/Views/WindowModeView.swift /Users/builder/clone/Sources/PrivateBrowser/Models/ZoomManager.swift /Users/builder/clone/Sources/PrivateBrowser/Views/ZoomPanelView.swift /Users/builder/Library/Developer/Xcode/DerivedData/PrivateBrowser-byjdimrmypcybfboqcgjnjbzupgy/Build/Intermediates.noindex/ArchiveIntermediates/PrivateBrowser/IntermediateBuildFilesPath/PrivateBrowser.build/Release-iphoneos/PrivateBrowser.build/DerivedSources/GeneratedAssetSymbols.swift -supplementary-output-file-map /Users/builder/Library/Developer/Xcode/DerivedData/PrivateBrowser-byjdimrmypcybfboqcgjnjbzupgy/Build/Intermediates.noindex/ArchiveIntermediates/PrivateBrowser/IntermediateBuildFilesPath/PrivateBrowser.build/Release-iphoneos/PrivateBrowser.build/Objects-normal/arm64/supplementaryOutputs-1 -target arm64-apple-ios16.0 -Xllvm -aarch64-use-tbi -enable-objc-interop -stack-check -sdk /Applications/Xcode-16.0.app/Contents/Developer/Platforms/iPhoneOS.platform/Developer/SDKs/iPhoneOS18.0.sdk -I /Users/builder/Library/Developer/Xcode/DerivedData/PrivateBrowser-byjdimrmypcybfboqcgjnjbzupgy/Build/Intermediates.noindex/ArchiveIntermediates/PrivateBrowser/BuildProductsPath/Release-iphoneos -F /Users/builder/Library/Developer/Xcode/DerivedData/PrivateBrowser-byjdimrmypcybfboqcgjnjbzupgy/Build/Intermediates.noindex/ArchiveIntermediates/PrivateBrowser/BuildProductsPath/Release-iphoneos -no-color-diagnostics -g -debug-info-format\=dwarf -dwarf-version\=4 -module-cache-path /Users/builder/Library/Developer/Xcode/DerivedData/ModuleCache.noindex -swift-version 5 -enforce-exclusivity\=checked -O -serialize-debugging-options -const-gather-protocols-file /Users/builder/Library/Developer/Xcode/DerivedData/PrivateBrowser-byjdimrmypcybfboqcgjnjbzupgy/Build/Intermediates.noindex/ArchiveIntermediates/PrivateBrowser/IntermediateBuildFilesPath/PrivateBrowser.build/Release-iphoneos/PrivateBrowser.build/Objects-normal/arm64/PrivateBrowser_const_extract_protocols.json -enable-experimental-feature DebugDescriptionMacro -enable-bare-slash-regex -empty-abi-descriptor -validate-clang-modules-once -clang-build-session-file /Users/builder/Library/Developer/Xcode/DerivedData/ModuleCache.noindex/Session.modulevalidation -Xcc -working-directory -Xcc /Users/builder/clone -resource-dir /Applications/Xcode-16.0.app/Contents/Developer/Toolchains/XcodeDefault.xctoolchain/usr/lib/swift -file-compilation-dir /Users/builder/clone -Xcc -ivfsstatcache -Xcc /Users/builder/Library/Developer/Xcode/DerivedData/SDKStatCaches.noindex/iphoneos18.0-22A3362-77c87d3582361da8819bf4750a9bd04a.sdkstatcache -Xcc -I/Users/builder/Library/Developer/Xcode/DerivedData/PrivateBrowser-byjdimrmypcybfboqcgjnjbzupgy/Build/Intermediates.noindex/ArchiveIntermediates/PrivateBrowser/IntermediateBuildFilesPath/PrivateBrowser.build/Release-iphoneos/PrivateBrowser.build/swift-overrides.hmap -Xcc -iquote -Xcc /Users/builder/Library/Developer/Xcode/DerivedData/PrivateBrowser-byjdimrmypcybfboqcgjnjbzupgy/Build/Intermediates.noindex/ArchiveIntermediates/PrivateBrowser/IntermediateBuildFilesPath/PrivateBrowser.build/Release-iphoneos/PrivateBrowser.build/PrivateBrowser-generated-files.hmap -Xcc -I/Users/builder/Library/Developer/Xcode/DerivedData/PrivateBrowser-byjdimrmypcybfboqcgjnjbzupgy/Build/Intermediates.noindex/ArchiveIntermediates/PrivateBrowser/IntermediateBuildFilesPath/PrivateBrowser.build/Release-iphoneos/PrivateBrowser.build/PrivateBrowser-own-target-headers.hmap -Xcc -I/Users/builder/Library/Developer/Xcode/DerivedData/PrivateBrowser-byjdimrmypcybfboqcgjnjbzupgy/Build/Intermediates.noindex/ArchiveIntermediates/PrivateBrowser/IntermediateBuildFilesPath/PrivateBrowser.build/Release-iphoneos/PrivateBrowser.build/PrivateBrowser-all-target-headers.hmap -Xcc -iquote -Xcc /Users/builder/Library/Developer/Xcode/DerivedData/PrivateBrowser-byjdimrmypcybfboqcgjnjbzupgy/Build/Intermediates.noindex/ArchiveIntermediates/PrivateBrowser/IntermediateBuildFilesPath/PrivateBrowser.build/Release-iphoneos/PrivateBrowser.build/PrivateBrowser-project-headers.hmap -Xcc -I/Users/builder/Library/Developer/Xcode/DerivedData/PrivateBrowser-byjdimrmypcybfboqcgjnjbzupgy/Build/Intermediates.noindex/ArchiveIntermediates/PrivateBrowser/BuildProductsPath/Release-iphoneos/include -Xcc -I/Users/builder/Library/Developer/Xcode/DerivedData/PrivateBrowser-byjdimrmypcybfboqcgjnjbzupgy/Build/Intermediates.noindex/ArchiveIntermediates/PrivateBrowser/IntermediateBuildFilesPath/PrivateBrowser.build/Release-iphoneos/PrivateBrowser.build/DerivedSources-normal/arm64 -Xcc -I/Users/builder/Library/Developer/Xcode/DerivedData/PrivateBrowser-byjdimrmypcybfboqcgjnjbzupgy/Build/Intermediates.noindex/ArchiveIntermediates/PrivateBrowser/IntermediateBuildFilesPath/PrivateBrowser.build/Release-iphoneos/PrivateBrowser.build/DerivedSources/arm64 -Xcc -I/Users/builder/Library/Developer/Xcode/DerivedData/PrivateBrowser-byjdimrmypcybfboqcgjnjbzupgy/Build/Intermediates.noindex/ArchiveIntermediates/PrivateBrowser/IntermediateBuildFilesPath/PrivateBrowser.build/Release-iphoneos/PrivateBrowser.build/DerivedSources -module-name PrivateBrowser -frontend-parseable-output -disable-clang-spi -target-sdk-version 18.0 -target-sdk-name iphoneos18.0 -external-plugin-path /Applications/Xcode-16.0.app/Contents/Developer/Platforms/iPhoneOS.platform/Developer/usr/lib/swift/host/plugins\#/Applications/Xcode-16.0.app/Contents/Developer/Platforms/iPhoneOS.platform/Developer/usr/bin/swift-plugin-server -external-plugin-path /Applications/Xcode-16.0.app/Contents/Developer/Platforms/iPhoneOS.platform/Developer/usr/local/lib/swift/host/plugins\#/Applications/Xcode-16.0.app/Contents/Developer/Platforms/iPhoneOS.platform/Developer/usr/bin/swift-plugin-server -plugin-path /Applications/Xcode-16.0.app/Contents/Developer/Toolchains/XcodeDefault.xctoolchain/usr/lib/swift/host/plugins -plugin-path /Applications/Xcode-16.0.app/Contents/Developer/Toolchains/XcodeDefault.xctoolchain/usr/local/lib/swift/host/plugins -enable-default-cmo -num-threads 8 -o /Users/builder/Library/Developer/Xcode/DerivedData/PrivateBrowser-byjdimrmypcybfboqcgjnjbzupgy/Build/Intermediates.noindex/ArchiveIntermediates/PrivateBrowser/IntermediateBuildFilesPath/PrivateBrowser.build/Release-iphoneos/PrivateBrowser.build/Objects-normal/arm64/AboutView.o -o /Users/builder/Library/Developer/Xcode/DerivedData/PrivateBrowser-byjdimrmypcybfboqcgjnjbzupgy/Build/Intermediates.noindex/ArchiveIntermediates/PrivateBrowser/IntermediateBuildFilesPath/PrivateBrowser.build/Release-iphoneos/PrivateBrowser.build/Objects-normal/arm64/AdaptiveGlass.o -o /Users/builder/Library/Developer/Xcode/DerivedData/PrivateBrowser-byjdimrmypcybfboqcgjnjbzupgy/Build/Intermediates.noindex/ArchiveIntermediates/PrivateBrowser/IntermediateBuildFilesPath/PrivateBrowser.build/Release-iphoneos/PrivateBrowser.build/Objects-normal/arm64/AntiIPLeak.o -o /Users/builder/Library/Developer/Xcode/DerivedData/PrivateBrowser-byjdimrmypcybfboqcgjnjbzupgy/Build/Intermediates.noindex/ArchiveIntermediates/PrivateBrowser/IntermediateBuildFilesPath/PrivateBrowser.build/Release-iphoneos/PrivateBrowser.build/Objects-normal/arm64/App.o -o /Users/builder/Library/Developer/Xcode/DerivedData/PrivateBrowser-byjdimrmypcybfboqcgjnjbzupgy/Build/Intermediates.noindex/ArchiveIntermediates/PrivateBrowser/IntermediateBuildFilesPath/PrivateBrowser.build/Release-iphoneos/PrivateBrowser.build/Objects-normal/arm64/BottomToolbarView.o -o /Users/builder/Library/Developer/Xcode/DerivedData/PrivateBrowser-byjdimrmypcybfboqcgjnjbzupgy/Build/Intermediates.noindex/ArchiveIntermediates/PrivateBrowser/IntermediateBuildFilesPath/PrivateBrowser.build/Release-iphoneos/PrivateBrowser.build/Objects-normal/arm64/BrowserController.o -o /Users/builder/Library/Developer/Xcode/DerivedData/PrivateBrowser-byjdimrmypcybfboqcgjnjbzupgy/Build/Intermediates.noindex/ArchiveIntermediates/PrivateBrowser/IntermediateBuildFilesPath/PrivateBrowser.build/Release-iphoneos/PrivateBrowser.build/Objects-normal/arm64/BrowserTab.o -o /Users/builder/Library/Developer/Xcode/DerivedData/PrivateBrowser-byjdimrmypcybfboqcgjnjbzupgy/Build/Intermediates.noindex/ArchiveIntermediates/PrivateBrowser/IntermediateBuildFilesPath/PrivateBrowser.build/Release-iphoneos/PrivateBrowser.build/Objects-normal/arm64/BrowserView.o -o /Users/builder/Library/Developer/Xcode/DerivedData/PrivateBrowser-byjdimrmypcybfboqcgjnjbzupgy/Build/Intermediates.noindex/ArchiveIntermediates/PrivateBrowser/IntermediateBuildFilesPath/PrivateBrowser.build/Release-iphoneos/PrivateBrowser.build/Objects-normal/arm64/Color+Hex.o -o /Users/builder/Library/Developer/Xcode/DerivedData/PrivateBrowser-byjdimrmypcybfboqcgjnjbzupgy/Build/Intermediates.noindex/ArchiveIntermediates/PrivateBrowser/IntermediateBuildFilesPath/PrivateBrowser.build/Release-iphoneos/PrivateBrowser.build/Objects-normal/arm64/ContentBlocker.o -o /Users/builder/Library/Developer/Xcode/DerivedData/PrivateBrowser-byjdimrmypcybfboqcgjnjbzupgy/Build/Intermediates.noindex/ArchiveIntermediates/PrivateBrowser/IntermediateBuildFilesPath/PrivateBrowser.build/Release-iphoneos/PrivateBrowser.build/Objects-normal/arm64/ContentView.o -o /Users/builder/Library/Developer/Xcode/DerivedData/PrivateBrowser-byjdimrmypcybfboqcgjnjbzupgy/Build/Intermediates.noindex/ArchiveIntermediates/PrivateBrowser/IntermediateBuildFilesPath/PrivateBrowser.build/Release-iphoneos/PrivateBrowser.build/Objects-normal/arm64/DebugConsoleView.o -o /Users/builder/Library/Developer/Xcode/DerivedData/PrivateBrowser-byjdimrmypcybfboqcgjnjbzupgy/Build/Intermediates.noindex/ArchiveIntermediates/PrivateBrowser/IntermediateBuildFilesPath/PrivateBrowser.build/Release-iphoneos/PrivateBrowser.build/Objects-normal/arm64/DownloadManager.o -o /Users/builder/Library/Developer/Xcode/DerivedData/PrivateBrowser-byjdimrmypcybfboqcgjnjbzupgy/Build/Intermediates.noindex/ArchiveIntermediates/PrivateBrowser/IntermediateBuildFilesPath/PrivateBrowser.build/Release-iphoneos/PrivateBrowser.build/Objects-normal/arm64/DownloadPanelView.o -o /Users/builder/Library/Developer/Xcode/DerivedData/PrivateBrowser-byjdimrmypcybfboqcgjnjbzupgy/Build/Intermediates.noindex/ArchiveIntermediates/PrivateBrowser/IntermediateBuildFilesPath/PrivateBrowser.build/Release-iphoneos/PrivateBrowser.build/Objects-normal/arm64/ErrorOverlayView.o -o /Users/builder/Library/Developer/Xcode/DerivedData/PrivateBrowser-byjdimrmypcybfboqcgjnjbzupgy/Build/Intermediates.noindex/ArchiveIntermediates/PrivateBrowser/IntermediateBuildFilesPath/PrivateBrowser.build/Release-iphoneos/PrivateBrowser.build/Objects-normal/arm64/MenuView.o -o /Users/builder/Library/Developer/Xcode/DerivedData/PrivateBrowser-byjdimrmypcybfboqcgjnjbzupgy/Build/Intermediates.noindex/ArchiveIntermediates/PrivateBrowser/IntermediateBuildFilesPath/PrivateBrowser.build/Release-iphoneos/PrivateBrowser.build/Objects-normal/arm64/PrivacyManager.o -o /Users/builder/Library/Developer/Xcode/DerivedData/PrivateBrowser-byjdimrmypcybfboqcgjnjbzupgy/Build/Intermediates.noindex/ArchiveIntermediates/PrivateBrowser/IntermediateBuildFilesPath/PrivateBrowser.build/Release-iphoneos/PrivateBrowser.build/Objects-normal/arm64/PrivacyShieldView.o -o /Users/builder/Library/Developer/Xcode/DerivedData/PrivateBrowser-byjdimrmypcybfboqcgjnjbzupgy/Build/Intermediates.noindex/ArchiveIntermediates/PrivateBrowser/IntermediateBuildFilesPath/PrivateBrowser.build/Release-iphoneos/PrivateBrowser.build/Objects-normal/arm64/SearchEngine.o -o /Users/builder/Library/Developer/Xcode/DerivedData/PrivateBrowser-byjdimrmypcybfboqcgjnjbzupgy/Build/Intermediates.noindex/ArchiveIntermediates/PrivateBrowser/IntermediateBuildFilesPath/PrivateBrowser.build/Release-iphoneos/PrivateBrowser.build/Objects-normal/arm64/SettingsKeys.o -o /Users/builder/Library/Developer/Xcode/DerivedData/PrivateBrowser-byjdimrmypcybfboqcgjnjbzupgy/Build/Intermediates.noindex/ArchiveIntermediates/PrivateBrowser/IntermediateBuildFilesPath/PrivateBrowser.build/Release-iphoneos/PrivateBrowser.build/Objects-normal/arm64/TabGridView.o -o /Users/builder/Library/Developer/Xcode/DerivedData/PrivateBrowser-byjdimrmypcybfboqcgjnjbzupgy/Build/Intermediates.noindex/ArchiveIntermediates/PrivateBrowser/IntermediateBuildFilesPath/PrivateBrowser.build/Release-iphoneos/PrivateBrowser.build/Objects-normal/arm64/TabsManager.o -o /Users/builder/Library/Developer/Xcode/DerivedData/PrivateBrowser-byjdimrmypcybfboqcgjnjbzupgy/Build/Intermediates.noindex/ArchiveIntermediates/PrivateBrowser/IntermediateBuildFilesPath/PrivateBrowser.build/Release-iphoneos/PrivateBrowser.build/Objects-normal/arm64/UIApplication+TopViewController.o -o /Users/builder/Library/Developer/Xcode/DerivedData/PrivateBrowser-byjdimrmypcybfboqcgjnjbzupgy/Build/Intermediates.noindex/ArchiveIntermediates/PrivateBrowser/IntermediateBuildFilesPath/PrivateBrowser.build/Release-iphoneos/PrivateBrowser.build/Objects-normal/arm64/URLBarView.o -o /Users/builder/Library/Developer/Xcode/DerivedData/PrivateBrowser-byjdimrmypcybfboqcgjnjbzupgy/Build/Intermediates.noindex/ArchiveIntermediates/PrivateBrowser/IntermediateBuildFilesPath/PrivateBrowser.build/Release-iphoneos/PrivateBrowser.build/Objects-normal/arm64/UserscriptEditorView.o -o /Users/builder/Library/Developer/Xcode/DerivedData/PrivateBrowser-byjdimrmypcybfboqcgjnjbzupgy/Build/Intermediates.noindex/ArchiveIntermediates/PrivateBrowser/IntermediateBuildFilesPath/PrivateBrowser.build/Release-iphoneos/PrivateBrowser.build/Objects-normal/arm64/UserscriptManager.o -o /Users/builder/Library/Developer/Xcode/DerivedData/PrivateBrowser-byjdimrmypcybfboqcgjnjbzupgy/Build/Intermediates.noindex/ArchiveIntermediates/PrivateBrowser/IntermediateBuildFilesPath/PrivateBrowser.build/Release-iphoneos/PrivateBrowser.build/Objects-normal/arm64/WindowModeView.o -o /Users/builder/Library/Developer/Xcode/DerivedData/PrivateBrowser-byjdimrmypcybfboqcgjnjbzupgy/Build/Intermediates.noindex/ArchiveIntermediates/PrivateBrowser/IntermediateBuildFilesPath/PrivateBrowser.build/Release-iphoneos/PrivateBrowser.build/Objects-normal/arm64/ZoomManager.o -o /Users/builder/Library/Developer/Xcode/DerivedData/PrivateBrowser-byjdimrmypcybfboqcgjnjbzupgy/Build/Intermediates.noindex/ArchiveIntermediates/PrivateBrowser/IntermediateBuildFilesPath/PrivateBrowser.build/Release-iphoneos/PrivateBrowser.build/Objects-normal/arm64/ZoomPanelView.o -o /Users/builder/Library/Developer/Xcode/DerivedData/PrivateBrowser-byjdimrmypcybfboqcgjnjbzupgy/Build/Intermediates.noindex/ArchiveIntermediates/PrivateBrowser/IntermediateBuildFilesPath/PrivateBrowser.build/Release-iphoneos/PrivateBrowser.build/Objects-normal/arm64/GeneratedAssetSymbols.o -index-unit-output-path /PrivateBrowser.build/Release-iphoneos/PrivateBrowser.build/Objects-normal/arm64/AboutView.o -index-unit-output-path /PrivateBrowser.build/Release-iphoneos/PrivateBrowser.build/Objects-normal/arm64/AdaptiveGlass.o -index-unit-output-path /PrivateBrowser.build/Release-iphoneos/PrivateBrowser.build/Objects-normal/arm64/AntiIPLeak.o -index-unit-output-path /PrivateBrowser.build/Release-iphoneos/PrivateBrowser.build/Objects-normal/arm64/App.o -index-unit-output-path /PrivateBrowser.build/Release-iphoneos/PrivateBrowser.build/Objects-normal/arm64/BottomToolbarView.o -index-unit-output-path /PrivateBrowser.build/Release-iphoneos/PrivateBrowser.build/Objects-normal/arm64/BrowserController.o -index-unit-output-path /PrivateBrowser.build/Release-iphoneos/PrivateBrowser.build/Objects-normal/arm64/BrowserTab.o -index-unit-output-path /PrivateBrowser.build/Release-iphoneos/PrivateBrowser.build/Objects-normal/arm64/BrowserView.o -index-unit-output-path /PrivateBrowser.build/Release-iphoneos/PrivateBrowser.build/Objects-normal/arm64/Color+Hex.o -index-unit-output-path /PrivateBrowser.build/Release-iphoneos/PrivateBrowser.build/Objects-normal/arm64/ContentBlocker.o -index-unit-output-path /PrivateBrowser.build/Release-iphoneos/PrivateBrowser.build/Objects-normal/arm64/ContentView.o -index-unit-output-path /PrivateBrowser.build/Release-iphoneos/PrivateBrowser.build/Objects-normal/arm64/DebugConsoleView.o -index-unit-output-path /PrivateBrowser.build/Release-iphoneos/PrivateBrowser.build/Objects-normal/arm64/DownloadManager.o -index-unit-output-path /PrivateBrowser.build/Release-iphoneos/PrivateBrowser.build/Objects-normal/arm64/DownloadPanelView.o -index-unit-output-path /PrivateBrowser.build/Release-iphoneos/PrivateBrowser.build/Objects-normal/arm64/ErrorOverlayView.o -index-unit-output-path /PrivateBrowser.build/Release-iphoneos/PrivateBrowser.build/Objects-normal/arm64/MenuView.o -index-unit-output-path /PrivateBrowser.build/Release-iphoneos/PrivateBrowser.build/Objects-normal/arm64/PrivacyManager.o -index-unit-output-path /PrivateBrowser.build/Release-iphoneos/PrivateBrowser.build/Objects-normal/arm64/PrivacyShieldView.o -index-unit-output-path /PrivateBrowser.build/Release-iphoneos/PrivateBrowser.build/Objects-normal/arm64/SearchEngine.o -index-unit-output-path /PrivateBrowser.build/Release-iphoneos/PrivateBrowser.build/Objects-normal/arm64/SettingsKeys.o -index-unit-output-path /PrivateBrowser.build/Release-iphoneos/PrivateBrowser.build/Objects-normal/arm64/TabGridView.o -index-unit-output-path /PrivateBrowser.build/Release-iphoneos/PrivateBrowser.build/Objects-normal/arm64/TabsManager.o -index-unit-output-path /PrivateBrowser.build/Release-iphoneos/PrivateBrowser.build/Objects-normal/arm64/UIApplication+TopViewController.o -index-unit-output-path /PrivateBrowser.build/Release-iphoneos/PrivateBrowser.build/Objects-normal/arm64/URLBarView.o -index-unit-output-path /PrivateBrowser.build/Release-iphoneos/PrivateBrowser.build/Objects-normal/arm64/UserscriptEditorView.o -index-unit-output-path /PrivateBrowser.build/Release-iphoneos/PrivateBrowser.build/Objects-normal/arm64/UserscriptManager.o -index-unit-output-path /PrivateBrowser.build/Release-iphoneos/PrivateBrowser.build/Objects-normal/arm64/WindowModeView.o -index-unit-output-path /PrivateBrowser.build/Release-iphoneos/PrivateBrowser.build/Objects-normal/arm64/ZoomManager.o -index-unit-output-path /PrivateBrowser.build/Release-iphoneos/PrivateBrowser.build/Objects-normal/arm64/ZoomPanelView.o -index-unit-output-path /PrivateBrowser.build/Release-iphoneos/PrivateBrowser.build/Objects-normal/arm64/GeneratedAssetSymbols.o
/Users/builder/clone/Sources/PrivateBrowser/WebView/BrowserView.swift:2:1: warning: add '@preconcurrency' to suppress 'Sendable'-related warnings from module 'WebKit'
import WebKit
^
@preconcurrency 
/Users/builder/clone/Sources/PrivateBrowser/WebView/BrowserView.swift:31:16: error: value of type 'WKWebViewConfiguration' has no member 'allowsExpensiveNetworkAccess'
        config.allowsExpensiveNetworkAccess = true
        ~~~~~~ ^~~~~~~~~~~~~~~~~~~~~~~~~~~~
/Users/builder/clone/Sources/PrivateBrowser/WebView/BrowserView.swift:208:43: error: value of type 'WKWebView' has no member 'download'
                if let download = webView.download(navigationResponse) {
                                  ~~~~~~~ ^~~~~~~~
/Users/builder/clone/Sources/PrivateBrowser/WebView/BrowserView.swift:209:55: error: value of type 'WKNavigationResponse' has no member 'suggestedFilename'
                    let filename = navigationResponse.suggestedFilename ?? "download"
                                   ~~~~~~~~~~~~~~~~~~ ^~~~~~~~~~~~~~~~~
/Users/builder/clone/Sources/PrivateBrowser/Models/DownloadManager.swift:11:70: error: use [:] to get an empty dictionary literal
    private var downloadDelegates: [UUID: DownloadDelegateHandler] = []
                                                                     ^
                                                                      :
/Users/builder/clone/Sources/PrivateBrowser/Models/DownloadManager.swift:2:1: warning: add '@preconcurrency' to suppress 'Sendable'-related warnings from module 'WebKit'
import WebKit
^
@preconcurrency 
/Users/builder/clone/Sources/PrivateBrowser/Models/DownloadManager.swift:5:13: error: type 'DownloadManager' does not conform to protocol 'URLSessionDownloadDelegate'
final class DownloadManager: NSObject, ObservableObject, WKDownloadDelegate, URLSessionDownloadDelegate {
            ^
Foundation.URLSessionDownloadDelegate:3:10: note: protocol requires function 'urlSession(_:downloadTask:didFinishDownloadingTo:)' with type '(URLSession, URLSessionDownloadTask, URL) -> Void'
    func urlSession(_ session: URLSession, downloadTask: URLSessionDownloadTask, didFinishDownloadingTo location: URL)
         ^
/Users/builder/clone/Sources/PrivateBrowser/Views/MenuView.swift:30:9: error: invalid redeclaration of 'windowMode'
    var windowMode: Bool = false
        ^
/Users/builder/clone/Sources/PrivateBrowser/Views/MenuView.swift:17:53: note: 'windowMode' previously declared here
    @AppStorage(SettingsKey.windowMode) private var windowMode = false
                                                    ^
/Users/builder/clone/Sources/PrivateBrowser/Views/MenuView.swift:17:53: note: 'windowMode' previously declared here
    @AppStorage(SettingsKey.windowMode) private var windowMode = false
                                                    ^
/Users/builder/clone/Sources/PrivateBrowser/Models/UserscriptManager.swift:51:45: error: 'InjectionTime' is not a member type of class 'WebKit.WKUserScript'
            let injectionTime: WKUserScript.InjectionTime = script.runAt == .documentEnd ? .atDocumentEnd : .atDocumentStart
                               ~~~~~~~~~~~~ ^
WebKit.WKUserScript:2:23: note: 'WKUserScript' declared here
@MainActor open class WKUserScript : NSObject, NSCopying {
                      ^
/Users/builder/clone/Sources/PrivateBrowser/Models/UserscriptManager.swift:50:60: error: 'nil' is not compatible with closure result type 'WKUserScript'
            guard let source = script.source else { return nil }
                                                           ^

ProcessInfoPlistFile /Users/builder/Library/Developer/Xcode/DerivedData/PrivateBrowser-byjdimrmypcybfboqcgjnjbzupgy/Build/Intermediates.noindex/ArchiveIntermediates/PrivateBrowser/InstallationBuildProductsLocation/Applications/PrivateBrowser.app/Info.plist /Users/builder/clone/Sources/PrivateBrowser/Info.plist (in target 'PrivateBrowser' from project 'PrivateBrowser')
    cd /Users/builder/clone
    builtin-infoPlistUtility /Users/builder/clone/Sources/PrivateBrowser/Info.plist -producttype com.apple.product-type.application -genpkginfo /Users/builder/Library/Developer/Xcode/DerivedData/PrivateBrowser-byjdimrmypcybfboqcgjnjbzupgy/Build/Intermediates.noindex/ArchiveIntermediates/PrivateBrowser/InstallationBuildProductsLocation/Applications/PrivateBrowser.app/PkgInfo -expandbuildsettings -format binary -platform iphoneos -additionalcontentfile /Users/builder/Library/Developer/Xcode/DerivedData/PrivateBrowser-byjdimrmypcybfboqcgjnjbzupgy/Build/Intermediates.noindex/ArchiveIntermediates/PrivateBrowser/IntermediateBuildFilesPath/PrivateBrowser.build/Release-iphoneos/PrivateBrowser.build/assetcatalog_generated_info.plist -requiredArchitecture arm64 -o /Users/builder/Library/Developer/Xcode/DerivedData/PrivateBrowser-byjdimrmypcybfboqcgjnjbzupgy/Build/Intermediates.noindex/ArchiveIntermediates/PrivateBrowser/InstallationBuildProductsLocation/Applications/PrivateBrowser.app/Info.plist

note: Disabling previews because SWIFT_VERSION is set and SWIFT_OPTIMIZATION_LEVEL=-O, expected -Onone (in target 'PrivateBrowser' from project 'PrivateBrowser')
** ARCHIVE FAILED **


The following build commands failed:
	CompileSwift normal arm64 (in target 'PrivateBrowser' from project 'PrivateBrowser')
	SwiftCompile normal arm64 Compiling\ AboutView.swift,\ AdaptiveGlass.swift,\ AntiIPLeak.swift,\ App.swift,\ BottomToolbarView.swift,\ BrowserController.swift,\ BrowserTab.swift,\ BrowserView.swift,\ Color+Hex.swift,\ ContentBlocker.swift,\ ContentView.swift,\ DebugConsoleView.swift,\ DownloadManager.swift,\ DownloadPanelView.swift,\ ErrorOverlayView.swift,\ MenuView.swift,\ PrivacyManager.swift,\ PrivacyShieldView.swift,\ SearchEngine.swift,\ SettingsKeys.swift,\ TabGridView.swift,\ TabsManager.swift,\ UIApplication+TopViewController.swift,\ URLBarView.swift,\ UserscriptEditorView.swift,\ UserscriptManager.swift,\ WindowModeView.swift,\ ZoomManager.swift,\ ZoomPanelView.swift,\ GeneratedAssetSymbols.swift /Users/builder/clone/Sources/PrivateBrowser/Views/AboutView.swift /Users/builder/clone/Sources/PrivateBrowser/Extensions/AdaptiveGlass.swift /Users/builder/clone/Sources/PrivateBrowser/WebView/AntiIPLeak.swift /Users/builder/clone/Sources/PrivateBrowser/App.swift /Users/builder/clone/Sources/PrivateBrowser/Views/BottomToolbarView.swift /Users/builder/clone/Sources/PrivateBrowser/Models/BrowserController.swift /Users/builder/clone/Sources/PrivateBrowser/Models/BrowserTab.swift /Users/builder/clone/Sources/PrivateBrowser/WebView/BrowserView.swift /Users/builder/clone/Sources/PrivateBrowser/Extensions/Color+Hex.swift /Users/builder/clone/Sources/PrivateBrowser/WebView/ContentBlocker.swift /Users/builder/clone/Sources/PrivateBrowser/ContentView.swift /Users/builder/clone/Sources/PrivateBrowser/Views/DebugConsoleView.swift /Users/builder/clone/Sources/PrivateBrowser/Models/DownloadManager.swift /Users/builder/clone/Sources/PrivateBrowser/Views/DownloadPanelView.swift /Users/builder/clone/Sources/PrivateBrowser/Views/ErrorOverlayView.swift /Users/builder/clone/Sources/PrivateBrowser/Views/MenuView.swift /Users/builder/clone/Sources/PrivateBrowser/WebView/PrivacyManager.swift /Users/builder/clone/Sources/PrivateBrowser/Views/PrivacyShieldView.swift /Users/builder/clone/Sources/PrivateBrowser/Models/SearchEngine.swift /Users/builder/clone/Sources/PrivateBrowser/Models/SettingsKeys.swift /Users/builder/clone/Sources/PrivateBrowser/Views/TabGridView.swift /Users/builder/clone/Sources/PrivateBrowser/Models/TabsManager.swift /Users/builder/clone/Sources/PrivateBrowser/Extensions/UIApplication+TopViewController.swift /Users/builder/clone/Sources/PrivateBrowser/Views/URLBarView.swift /Users/builder/clone/Sources/PrivateBrowser/Views/UserscriptEditorView.swift /Users/builder/clone/Sources/PrivateBrowser/Models/UserscriptManager.swift /Users/builder/clone/Sources/PrivateBrowser/Views/WindowModeView.swift /Users/builder/clone/Sources/PrivateBrowser/Models/ZoomManager.swift /Users/builder/clone/Sources/PrivateBrowser/Views/ZoomPanelView.swift /Users/builder/Library/Developer/Xcode/DerivedData/PrivateBrowser-byjdimrmypcybfboqcgjnjbzupgy/Build/Intermediates.noindex/ArchiveIntermediates/PrivateBrowser/IntermediateBuildFilesPath/PrivateBrowser.build/Release-iphoneos/PrivateBrowser.build/DerivedSources/GeneratedAssetSymbols.swift (in target 'PrivateBrowser' from project 'PrivateBrowser')
	Archiving project PrivateBrowser with scheme PrivateBrowser
(3 failures)


Build failed :|
Step 4 script `Build Archive` exited with status code 65